Component: ARM Compiler 5.06 update 6 (build 750) Tool: armlink [4d35ed]

==============================================================================

Section Cross References

    main.o(.text) refers to main.o(.data) for OUT
    main.o(.text) refers to rgbled.o(.text) for RGBLED_Init
    main.o(.text) refers to buttons.o(.text) for BUTTONS_Init
    main.o(.text) refers to mcg.o(.text) for MCG_Clock120_Init
    main.o(.text) refers to dac.o(.text) for DAC_Init
    main.o(.text) refers to timerint.o(.text) for TimerInt_Init
    basicmathfunctions.o(.text) refers to llshl.o(.text) for __aeabi_llsl
    bayesfunctions.o(.text) refers to logf.o(i.__hardfp_logf) for __hardfp_logf
    bayesfunctions.o(.text) refers to statisticsfunctions.o(.text) for arm_max_f32
    complexmathfunctions.o(.text) refers to fastmathfunctions.o(.text) for arm_sqrt_q15
    controllerfunctions.o(.text) refers to commontables.o(.constdata) for sinTable_f32
    distancefunctions.o(.text) refers to statisticsfunctions.o(.text) for arm_mean_f32
    distancefunctions.o(.text) refers to basicmathfunctions.o(.text) for arm_offset_f32
    distancefunctions.o(.text) refers to dflt_clz.o(x$fpl$dfltu) for __aeabi_ui2d
    distancefunctions.o(.text) refers to dmul.o(x$fpl$dmul) for __aeabi_dmul
    distancefunctions.o(.text) refers to daddsub_clz.o(x$fpl$dadd) for __aeabi_dadd
    distancefunctions.o(.text) refers to ddiv.o(x$fpl$ddiv) for __aeabi_ddiv
    distancefunctions.o(.text) refers to d2f.o(x$fpl$d2f) for __aeabi_d2f
    distancefunctions.o(.text) refers to powf.o(i.__hardfp_powf) for __hardfp_powf
    distancefunctions.o(.text) refers to f2d.o(x$fpl$f2d) for __aeabi_f2d
    distancefunctions.o(.text) refers to logf.o(i.__hardfp_logf) for __hardfp_logf
    fastmathfunctions.o(.text) refers to commontables.o(.constdata) for sinTable_f32
    fastmathfunctions.o(.text) refers to expf.o(i.__hardfp_expf) for __hardfp_expf
    fastmathfunctions.o(.text) refers to logf.o(i.__hardfp_logf) for __hardfp_logf
    filteringfunctions.o(.text) refers to rt_memclr_w.o(.text) for __aeabi_memclr4
    filteringfunctions.o(.text) refers to llshl.o(.text) for __aeabi_llsl
    filteringfunctions.o(.text) refers to rt_memclr.o(.text) for __aeabi_memclr
    filteringfunctions.o(.text) refers to llsshr.o(.text) for __aeabi_lasr
    filteringfunctions.o(.text) refers to dmul.o(x$fpl$dmul) for __aeabi_dmul
    filteringfunctions.o(.text) refers to daddsub_clz.o(x$fpl$dadd) for __aeabi_dadd
    filteringfunctions.o(.text) refers to supportfunctions.o(.text) for arm_fill_q15
    filteringfunctions.o(.text) refers to commontables.o(.constdata) for armRecipTableQ15
    matrixfunctions.o(.text) refers to deqf.o(x$fpl$deqf) for __aeabi_cdcmpeq
    matrixfunctions.o(.text) refers to ddiv.o(x$fpl$ddiv) for __aeabi_ddiv
    matrixfunctions.o(.text) refers to dmul.o(x$fpl$dmul) for __aeabi_dmul
    matrixfunctions.o(.text) refers to daddsub_clz.o(x$fpl$drsb) for __aeabi_drsub
    svmfunctions.o(.text) refers to expf.o(i.__hardfp_expf) for __hardfp_expf
    svmfunctions.o(.text) refers to tanhf.o(i.__hardfp_tanhf) for __hardfp_tanhf
    statisticsfunctions.o(.text) refers to logf.o(i.__hardfp_logf) for __hardfp_logf
    statisticsfunctions.o(.text) refers to log.o(i.__hardfp_log) for __hardfp_log
    statisticsfunctions.o(.text) refers to dmul.o(x$fpl$dmul) for __aeabi_dmul
    statisticsfunctions.o(.text) refers to daddsub_clz.o(x$fpl$dadd) for __aeabi_dadd
    statisticsfunctions.o(.text) refers to basic.o(x$fpl$basic) for __aeabi_dneg
    statisticsfunctions.o(.text) refers to ddiv.o(x$fpl$ddiv) for __aeabi_ddiv
    statisticsfunctions.o(.text) refers to expf.o(i.__hardfp_expf) for __hardfp_expf
    statisticsfunctions.o(.text) refers to basicmathfunctions.o(.text) for arm_add_f32
    statisticsfunctions.o(.text) refers to llsdiv.o(.text) for __aeabi_ldivmod
    statisticsfunctions.o(.text) refers to fastmathfunctions.o(.text) for arm_sqrt_q15
    statisticsfunctions.o(.text) refers to lludivv7m.o(.text) for __aeabi_uldivmod
    supportfunctions.o(.text) refers to rt_memcpy_w.o(.text) for __aeabi_memcpy4
    supportfunctions.o(.text) refers to ffixll.o(x$fpl$llsfromf) for __aeabi_f2lz
    transformfunctions.o(.text) refers to daddsub_clz.o(x$fpl$dadd) for __aeabi_dadd
    transformfunctions.o(.text) refers to daddsub_clz.o(x$fpl$dsub) for __aeabi_dsub
    transformfunctions.o(.text) refers to dmul.o(x$fpl$dmul) for __aeabi_dmul
    transformfunctions.o(.text) refers to basic.o(x$fpl$basic) for __aeabi_dneg
    transformfunctions.o(.text) refers to dflt_clz.o(x$fpl$dfltu) for __aeabi_ui2d
    transformfunctions.o(.text) refers to ddiv.o(x$fpl$ddiv) for __aeabi_ddiv
    transformfunctions.o(.text) refers to commontables.o(.constdata) for arm_cfft_sR_f32_len4096
    transformfunctions.o(.text) refers to basicmathfunctions.o(.text) for arm_scale_f32
[...]
    daddsub_clz.o(x$fpl$drsb) refers to daddsub_clz.o(x$fpl$dadd) for _dadd1
    daddsub_clz.o(x$fpl$drsb) refers to daddsub_clz.o(x$fpl$dsub) for _dsub1
    daddsub_clz.o(x$fpl$dsub) refers (Special) to usenofp.o(x$fpl$usenofp) for __I$use$fp
    daddsub_clz.o(x$fpl$dsub) refers to daddsub_clz.o(x$fpl$dadd) for _dadd1
    daddsub_clz.o(x$fpl$dsub) refers to dnaninf.o(x$fpl$dnaninf) for __fpl_dnaninf
    ddiv.o(x$fpl$drdiv) refers (Special) to usenofp.o(x$fpl$usenofp) for __I$use$fp
    ddiv.o(x$fpl$drdiv) refers to ddiv.o(x$fpl$ddiv) for ddiv_entry
    ddiv.o(x$fpl$ddiv) refers (Special) to usenofp.o(x$fpl$usenofp) for __I$use$fp
    ddiv.o(x$fpl$ddiv) refers to dretinf.o(x$fpl$dretinf) for __fpl_dretinf
    ddiv.o(x$fpl$ddiv) refers to dnaninf.o(x$fpl$dnaninf) for __fpl_dnaninf
    deqf.o(x$fpl$deqf) refers (Special) to usenofp.o(x$fpl$usenofp) for __I$use$fp
    deqf.o(x$fpl$deqf) refers to dnaninf.o(x$fpl$dnaninf) for __fpl_dnaninf
    deqf.o(x$fpl$deqf) refers to dcmpi.o(x$fpl$dcmpinf) for __fpl_dcmp_Inf
    dflt_clz.o(x$fpl$dfltu) refers (Special) to usenofp.o(x$fpl$usenofp) for __I$use$fp
    dflt_clz.o(x$fpl$dflt) refers (Special) to usenofp.o(x$fpl$usenofp) for __I$use$fp
    dflt_clz.o(x$fpl$dfltn) refers (Special) to usenofp.o(x$fpl$usenofp) for __I$use$fp
    dmul.o(x$fpl$dmul) refers (Special) to usenofp.o(x$fpl$usenofp) for __I$use$fp
    dmul.o(x$fpl$dmul) refers to dretinf.o(x$fpl$dretinf) for __fpl_dretinf
    dmul.o(x$fpl$dmul) refers to dnaninf.o(x$fpl$dnaninf) for __fpl_dnaninf
    f2d.o(x$fpl$f2d) refers (Special) to usenofp.o(x$fpl$usenofp) for __I$use$fp
    f2d.o(x$fpl$f2d) refers to fnaninf.o(x$fpl$fnaninf) for __fpl_fnaninf
    f2d.o(x$fpl$f2d) refers to dretinf.o(x$fpl$dretinf) for __fpl_dretinf
    ffixll.o(x$fpl$llsfromf) refers (Special) to usenofp.o(x$fpl$usenofp) for __I$use$fp
    ffixll.o(x$fpl$llsfromf) refers to fnaninf.o(x$fpl$fnaninf) for __fpl_fnaninf
    ffixll.o(x$fpl$llsfromfr) refers (Special) to usenofp.o(x$fpl$usenofp) for __I$use$fp
    ffixll.o(x$fpl$llsfromfr) refers to fnaninf.o(x$fpl$fnaninf) for __fpl_fnaninf
    expf.o(i.__hardfp_expf) refers (Special) to usenofp.o(x$fpl$usenofp) for __I$use$fp
    expf.o(i.__hardfp_expf) refers to _rserrno.o(.text) for __set_errno
    expf.o(i.__hardfp_expf) refers to funder.o(i.__mathlib_flt_underflow) for __mathlib_flt_underflow
    expf.o(i.__hardfp_expf) refers to funder.o(i.__mathlib_flt_infnan) for __mathlib_flt_infnan
    expf.o(i.__hardfp_expf) refers to funder.o(i.__mathlib_flt_overflow) for __mathlib_flt_overflow
    expf.o(i.__hardfp_expf) refers to fpclassifyf.o(i.__ARM_fpclassifyf) for __ARM_fpclassifyf
    expf.o(i.__hardfp_expf) refers to expf.o(.constdata) for .constdata
    expf.o(i.__softfp_expf) refers (Special) to usenofp.o(x$fpl$usenofp) for __I$use$fp
    expf.o(i.__softfp_expf) refers to expf.o(i.__hardfp_expf) for __hardfp_expf
    expf.o(i.expf) refers (Special) to usenofp.o(x$fpl$usenofp) for __I$use$fp
    expf.o(i.expf) refers to expf.o(i.__hardfp_expf) for __hardfp_expf
    expf.o(.constdata) refers (Special) to usenofp.o(x$fpl$usenofp) for __I$use$fp
    expf_x.o(i.____hardfp_expf$lsc) refers (Special) to usenofp.o(x$fpl$usenofp) for __I$use$fp
    expf_x.o(i.____hardfp_expf$lsc) refers to _rserrno.o(.text) for __set_errno
    expf_x.o(i.____hardfp_expf$lsc) refers to funder.o(i.__mathlib_flt_infnan) for __mathlib_flt_infnan
    expf_x.o(i.____hardfp_expf$lsc) refers to expf_x.o(.constdata) for .constdata
    expf_x.o(i.____softfp_expf$lsc) refers (Special) to usenofp.o(x$fpl$usenofp) for __I$use$fp
    expf_x.o(i.____softfp_expf$lsc) refers to expf_x.o(i.____hardfp_expf$lsc) for ____hardfp_expf$lsc
    expf_x.o(i.__expf$lsc) refers (Special) to usenofp.o(x$fpl$usenofp) for __I$use$fp
    expf_x.o(i.__expf$lsc) refers to expf_x.o(i.____hardfp_expf$lsc) for ____hardfp_expf$lsc
    expf_x.o(.constdata) refers (Special) to usenofp.o(x$fpl$usenofp) for __I$use$fp
    log.o(i.__hardfp_log) refers (Special) to usenofp.o(x$fpl$usenofp) for __I$use$fp
    log.o(i.__hardfp_log) refers to dunder.o(i.__mathlib_dbl_infnan) for __mathlib_dbl_infnan
    log.o(i.__hardfp_log) refers to _rserrno.o(.text) for __set_errno
    log.o(i.__hardfp_log) refers to dunder.o(i.__mathlib_dbl_invalid) for __mathlib_dbl_invalid
    log.o(i.__hardfp_log) refers to dunder.o(i.__mathlib_dbl_divzero) for __mathlib_dbl_divzero
    log.o(i.__hardfp_log) refers to basic.o(x$fpl$basic) for __aeabi_dneg
    log.o(i.__hardfp_log) refers to dmul.o(x$fpl$dmul) for __aeabi_dmul
    log.o(i.__hardfp_log) refers to daddsub_clz.o(x$fpl$dsub) for __aeabi_dsub
    log.o(i.__hardfp_log) refers to deqf.o(x$fpl$deqf) for __aeabi_cdcmpeq
    log.o(i.__hardfp_log) refers to dflt_clz.o(x$fpl$dflt) for __aeabi_i2d
    log.o(i.__hardfp_log) refers to daddsub_clz.o(x$fpl$dadd) for __aeabi_dadd
    log.o(i.__hardfp_log) refers to daddsub_clz.o(x$fpl$drsb) for __aeabi_drsub
    log.o(i.__hardfp_log) refers to ddiv.o(x$fpl$ddiv) for __aeabi_ddiv
    log.o(i.__hardfp_log) refers to poly.o(i.__kernel_poly) for __kernel_poly
    log.o(i.__hardfp_log) refers to qnan.o(.constdata) for __mathlib_zero
    log.o(i.__hardfp_log) refers to log.o(.constdata) for .constdata
    log.o(i.__softfp_log) refers (Special) to usenofp.o(x$fpl$usenofp) for __I$use$fp
    log.o(i.__softfp_log) refers to log.o(i.__hardfp_log) for __hardfp_log
    log.o(i.log) refers (Special) to usenofp.o(x$fpl$usenofp) for __I$use$fp
    log.o(i.log) refers to log.o(i.__hardfp_log) for __hardfp_log
    log.o(.constdata) refers (Special) to usenofp.o(x$fpl$usenofp) for __I$use$fp
    log_x.o(i.____hardfp_log$lsc) refers (Special) to usenofp.o(x$fpl$usenofp) for __I$use$fp
    log_x.o(i.____hardfp_log$lsc) refers to dunder.o(i.__mathlib_dbl_infnan) for __mathlib_dbl_infnan
    log_x.o(i.____hardfp_log$lsc) refers to _rserrno.o(.text) for __set_errno
    log_x.o(i.____hardfp_log$lsc) refers to dmul.o(x$fpl$dmul) for __aeabi_dmul
    log_x.o(i.____hardfp_log$lsc) refers to daddsub_clz.o(x$fpl$dsub) for __aeabi_dsub
    log_x.o(i.____hardfp_log$lsc) refers to deqf.o(x$fpl$deqf) for __aeabi_cdcmpeq
    log_x.o(i.____hardfp_log$lsc) refers to dflt_clz.o(x$fpl$dflt) for __aeabi_i2d
    log_x.o(i.____hardfp_log$lsc) refers to daddsub_clz.o(x$fpl$dadd) for __aeabi_dadd
    log_x.o(i.____hardfp_log$lsc) refers to daddsub_clz.o(x$fpl$drsb) for __aeabi_drsub
    log_x.o(i.____hardfp_log$lsc) refers to ddiv.o(x$fpl$ddiv) for __aeabi_ddiv
    log_x.o(i.____hardfp_log$lsc) refers to poly.o(i.__kernel_poly) for __kernel_poly
    log_x.o(i.____hardfp_log$lsc) refers to qnan.o(.constdata) for __mathlib_zero
    log_x.o(i.____hardfp_log$lsc) refers to log_x.o(.constdata) for .constdata
    log_x.o(i.____softfp_log$lsc) refers (Special) to usenofp.o(x$fpl$usenofp) for __I$use$fp
    log_x.o(i.____softfp_log$lsc) refers to log_x.o(i.____hardfp_log$lsc) for ____hardfp_log$lsc
    log_x.o(i.__log$lsc) refers (Special) to usenofp.o(x$fpl$usenofp) for __I$use$fp
    log_x.o(i.__log$lsc) refers to log_x.o(i.____hardfp_log$lsc) for ____hardfp_log$lsc
    log_x.o(.constdata) refers (Special) to usenofp.o(x$fpl$usenofp) for __I$use$fp
    logf.o(i.__hardfp_logf) refers (Special) to usenofp.o(x$fpl$usenofp) for __I$use$fp
    logf.o(i.__hardfp_logf) refers to funder.o(i.__mathlib_flt_infnan) for __mathlib_flt_infnan
    logf.o(i.__hardfp_logf) refers to _rserrno.o(.text) for __set_errno
    logf.o(i.__hardfp_logf) refers to funder.o(i.__mathlib_flt_invalid) for __mathlib_flt_invalid
    logf.o(i.__hardfp_logf) refers to funder.o(i.__mathlib_flt_divzero) for __mathlib_flt_divzero
    logf.o(i.__hardfp_logf) refers to logf.o(.constdata) for .constdata
    logf.o(i.__softfp_logf) refers (Special) to usenofp.o(x$fpl$usenofp) for __I$use$fp
    logf.o(i.__softfp_logf) refers to logf.o(i.__hardfp_logf) for __hardfp_logf
    logf.o(i.logf) refers (Special) to usenofp.o(x$fpl$usenofp) for __I$use$fp
    logf.o(i.logf) refers to logf.o(i.__hardfp_logf) for __hardfp_logf
    logf.o(.constdata) refers (Special) to usenofp.o(x$fpl$usenofp) for __I$use$fp
    logf_x.o(i.____hardfp_logf$lsc) refers (Special) to usenofp.o(x$fpl$usenofp) for __I$use$fp
    logf_x.o(i.____hardfp_logf$lsc) refers to funder.o(i.__mathlib_flt_infnan) for __mathlib_flt_infnan
    logf_x.o(i.____hardfp_logf$lsc) refers to _rserrno.o(.text) for __set_errno
    logf_x.o(i.____hardfp_logf$lsc) refers to logf_x.o(.constdata) for .constdata
    logf_x.o(i.____softfp_logf$lsc) refers (Special) to usenofp.o(x$fpl$usenofp) for __I$use$fp
    logf_x.o(i.____softfp_logf$lsc) refers to logf_x.o(i.____hardfp_logf$lsc) for ____hardfp_logf$lsc
    logf_x.o(i.__logf$lsc) refers (Special) to usenofp.o(x$fpl$usenofp) for __I$use$fp
    logf_x.o(i.__logf$lsc) refers to logf_x.o(i.____hardfp_logf$lsc) for ____hardfp_logf$lsc
    logf_x.o(.constdata) refers (Special) to usenofp.o(x$fpl$usenofp) for __I$use$fp
    powf.o(i.__hardfp_powf) refers (Special) to usenofp.o(x$fpl$usenofp) for __I$use$fp
    powf.o(i.__hardfp_powf) refers to _rserrno.o(.text) for __set_errno
    powf.o(i.__hardfp_powf) refers to funder.o(i.__mathlib_flt_overflow) for __mathlib_flt_overflow
    powf.o(i.__hardfp_powf) refers to fpclassifyf.o(i.__ARM_fpclassifyf) for __ARM_fpclassifyf
    powf.o(i.__hardfp_powf) refers to funder.o(i.__mathlib_flt_underflow) for __mathlib_flt_underflow
    powf.o(i.__hardfp_powf) refers to funder.o(i.__mathlib_flt_invalid) for __mathlib_flt_invalid
    powf.o(i.__hardfp_powf) refers to powf.o(.constdata) for .constdata
    powf.o(i.__hardfp_powf) refers to funder.o(i.__mathlib_flt_infnan2) for __mathlib_flt_infnan2
    powf.o(i.__hardfp_powf) refers to funder.o(i.__mathlib_flt_divzero) for __mathlib_flt_divzero
    powf.o(i.__softfp_powf) refers (Special) to usenofp.o(x$fpl$usenofp) for __I$use$fp
    powf.o(i.__softfp_powf) refers to powf.o(i.__hardfp_powf) for __hardfp_powf
    powf.o(i.powf) refers (Special) to usenofp.o(x$fpl$usenofp) for __I$use$fp
    powf.o(i.powf) refers to powf.o(i.__hardfp_powf) for __hardfp_powf
    powf.o(.constdata) refers (Special) to usenofp.o(x$fpl$usenofp) for __I$use$fp
    powf_x.o(i.____hardfp_powf$lsc) refers (Special) to usenofp.o(x$fpl$usenofp) for __I$use$fp
    powf_x.o(i.____hardfp_powf$lsc) refers to _rserrno.o(.text) for __set_errno
    powf_x.o(i.____hardfp_powf$lsc) refers to powf_x.o(.constdata) for .constdata
    powf_x.o(i.____hardfp_powf$lsc) refers to funder.o(i.__mathlib_flt_infnan2) for __mathlib_flt_infnan2
    powf_x.o(i.____softfp_powf$lsc) refers (Special) to usenofp.o(x$fpl$usenofp) for __I$use$fp
    powf_x.o(i.____softfp_powf$lsc) refers to powf_x.o(i.____hardfp_powf$lsc) for ____hardfp_powf$lsc
    powf_x.o(i.__powf$lsc) refers (Special) to usenofp.o(x$fpl$usenofp) for __I$use$fp
    powf_x.o(i.__powf$lsc) refers to powf_x.o(i.____hardfp_powf$lsc) for ____hardfp_powf$lsc
    powf_x.o(.constdata) refers (Special) to usenofp.o(x$fpl$usenofp) for __I$use$fp
    tanhf.o(i.__hardfp_tanhf) refers (Special) to usenofp.o(x$fpl$usenofp) for __I$use$fp
    tanhf.o(i.__hardfp_tanhf) refers to expf.o(i.__hardfp_expf) for __hardfp_expf
    tanhf.o(i.__hardfp_tanhf) refers to fpclassifyf.o(i.__ARM_fpclassifyf) for __ARM_fpclassifyf
    tanhf.o(i.__hardfp_tanhf) refers to funder.o(i.__mathlib_flt_underflow) for __mathlib_flt_underflow
    tanhf.o(i.__hardfp_tanhf) refers to funder.o(i.__mathlib_flt_infnan) for __mathlib_flt_infnan
    tanhf.o(i.__softfp_tanhf) refers (Special) to usenofp.o(x$fpl$usenofp) for __I$use$fp
    tanhf.o(i.__softfp_tanhf) refers to tanhf.o(i.__hardfp_tanhf) for __hardfp_tanhf
    tanhf.o(i.tanhf) refers (Special) to usenofp.o(x$fpl$usenofp) for __I$use$fp
    tanhf.o(i.tanhf) refers to tanhf.o(i.__hardfp_tanhf) for __hardfp_tanhf
    tanhf_x.o(i.____hardfp_tanhf$lsc) refers (Special) to usenofp.o(x$fpl$usenofp) for __I$use$fp
    tanhf_x.o(i.____hardfp_tanhf$lsc) refers to expf.o(i.__hardfp_expf) for __hardfp_expf
    tanhf_x.o(i.____hardfp_tanhf$lsc) refers to funder.o(i.__mathlib_flt_infnan) for __mathlib_flt_infnan
    tanhf_x.o(i.____softfp_tanhf$lsc) refers (Special) to usenofp.o(x$fpl$usenofp) for __I$use$fp
    tanhf_x.o(i.____softfp_tanhf$lsc) refers to tanhf_x.o(i.____hardfp_tanhf$lsc) for ____hardfp_tanhf$lsc
    tanhf_x.o(i.__tanhf$lsc) refers (Special) to usenofp.o(x$fpl$usenofp) for __I$use$fp
    tanhf_x.o(i.__tanhf$lsc) refers to tanhf_x.o(i.____hardfp_tanhf$lsc) for ____hardfp_tanhf$lsc
    __rtentry.o(.ARM.Collect$$rtentry$$00000000) refers (Special) to __rtentry2.o(.ARM.Collect$$rtentry$$0000000A) for __rt_entry_li
    __rtentry.o(.ARM.Collect$$rtentry$$00000000) refers (Special) to __rtentry2.o(.ARM.Collect$$rtentry$$0000000D) for __rt_entry_main
    __rtentry.o(.ARM.Collect$$rtentry$$00000000) refers (Special) to __rtentry2.o(.ARM.Collect$$rtentry$$0000000C) for __rt_entry_postli_1
    __rtentry.o(.ARM.Collect$$rtentry$$00000000) refers (Special) to __rtentry2.o(.ARM.Collect$$rtentry$$00000009) for __rt_entry_postsh_1
    __rtentry.o(.ARM.Collect$$rtentry$$00000000) refers (Special) to __rtentry2.o(.ARM.Collect$$rtentry$$00000002) for __rt_entry_presh_1
    __rtentry.o(.ARM.Collect$$rtentry$$00000000) refers (Special) to __rtentry7.o(.ARM.Collect$$rtentry$$00000007) for __rt_entry_sh
    aeabi_ldiv0_sigfpe.o(.text) refers to rt_div0.o(.text) for __rt_div0
    _rserrno.o(.text) refers to rt_errno_addr_intlibspace.o(.text) for __aeabi_errno_addr
    dcmpi.o(x$fpl$dcmpinf) refers (Special) to usenofp.o(x$fpl$usenofp) for __I$use$fp
    dnaninf.o(x$fpl$dnaninf) refers (Special) to usenofp.o(x$fpl$usenofp) for __I$use$fp
    dretinf.o(x$fpl$dretinf) refers (Special) to usenofp.o(x$fpl$usenofp) for __I$use$fp
    fnaninf.o(x$fpl$fnaninf) refers (Special) to usenofp.o(x$fpl$usenofp) for __I$use$fp
    fretinf.o(x$fpl$fretinf) refers (Special) to usenofp.o(x$fpl$usenofp) for __I$use$fp
    istatus.o(x$fpl$ieeestatus) refers (Special) to usenofp.o(x$fpl$usenofp) for __I$use$fp
    dunder.o(i.__mathlib_dbl_divzero) refers to ddiv.o(x$fpl$ddiv) for __aeabi_ddiv
    dunder.o(i.__mathlib_dbl_infnan) refers to daddsub_clz.o(x$fpl$dadd) for __aeabi_dadd
    dunder.o(i.__mathlib_dbl_infnan2) refers to daddsub_clz.o(x$fpl$dadd) for __aeabi_dadd
    dunder.o(i.__mathlib_dbl_invalid) refers to ddiv.o(x$fpl$ddiv) for __aeabi_ddiv
    dunder.o(i.__mathlib_dbl_overflow) refers to dmul.o(x$fpl$dmul) for __aeabi_dmul
    dunder.o(i.__mathlib_dbl_posinfnan) refers to dmul.o(x$fpl$dmul) for __aeabi_dmul
    dunder.o(i.__mathlib_dbl_underflow) refers to dmul.o(x$fpl$dmul) for __aeabi_dmul
    fpclassifyf.o(i.__ARM_fpclassifyf) refers (Special) to usenofp.o(x$fpl$usenofp) for __I$use$fp
    poly.o(i.__kernel_poly) refers (Special) to usenofp.o(x$fpl$usenofp) for __I$use$fp
    poly.o(i.__kernel_poly) refers to dmul.o(x$fpl$dmul) for __aeabi_dmul
    poly.o(i.__kernel_poly) refers to daddsub_clz.o(x$fpl$dadd) for __aeabi_dadd
    qnan.o(.constdata) refers (Special) to usenofp.o(x$fpl$usenofp) for __I$use$fp
    __rtentry2.o(.ARM.Collect$$rtentry$$00000008) refers to boardinit2.o(.text) for _platform_post_stackheap_init
    __rtentry2.o(.ARM.Collect$$rtentry$$0000000A) refers to libinit.o(.ARM.Collect$$libinit$$00000000) for __rt_lib_init
    __rtentry2.o(.ARM.Collect$$rtentry$$0000000B) refers to boardinit3.o(.text) for _platform_post_lib_init
    __rtentry2.o(.ARM.Collect$$rtentry$$0000000D) refers to main.o(.text) for main
    __rtentry2.o(.ARM.Collect$$rtentry$$0000000D) refers to exit.o(.text) for exit
    __rtentry2.o(.ARM.exidx) refers to __rtentry2.o(.ARM.Collect$$rtentry$$00000001) for .ARM.Collect$$rtentry$$00000001
    __rtentry2.o(.ARM.exidx) refers to __rtentry2.o(.ARM.Collect$$rtentry$$00000008) for .ARM.Collect$$rtentry$$00000008
    __rtentry2.o(.ARM.exidx) refers to __rtentry2.o(.ARM.Collect$$rtentry$$0000000A) for .ARM.Collect$$rtentry$$0000000A
    __rtentry2.o(.ARM.exidx) refers to __rtentry2.o(.ARM.Collect$$rtentry$$0000000B) for .ARM.Collect$$rtentry$$0000000B
    __rtentry2.o(.ARM.exidx) refers to __rtentry2.o(.ARM.Collect$$rtentry$$0000000D) for .ARM.Collect$$rtentry$$0000000D
    __rtentry4.o(.ARM.Collect$$rtentry$$00000004) refers to sys_stackheap_outer.o(.text) for __user_setup_stackheap
    __rtentry4.o(.ARM.exidx) refers to __rtentry4.o(.ARM.Collect$$rtentry$$00000004) for .ARM.Collect$$rtentry$$00000004
    __rtentry7.o(.ARM.Collect$$rtentry$$00000007) refers to __rtentry7.o(.ARM.Collect$$rtentry$$00002718) for __lit__00000000
    __rtentry7.o(__vectab_stack_and_reset_2_area) refers to __main.o(!!!main) for __main
    __rtentry7.o(.ARM.exidx) refers to __rtentry7.o(.ARM.Collect$$rtentry$$00000007) for .ARM.Collect$$rtentry$$00000007
    __rtentry7.o(.ARM.exidx) refers to __rtentry7.o(.ARM.Collect$$rtentry$$00002718) for .ARM.Collect$$rtentry$$00002718
    rt_div0.o(.text) refers to defsig_fpe_outer.o(.text) for __rt_SIGFPE
    rt_errno_addr.o(.text) refers to rt_errno_addr.o(.bss) for __aeabi_errno_addr_data
    rt_errno_addr_intlibspace.o(.text) refers to libspace.o(.bss) for __libspace_start
    libspace.o(.text) refers to libspace.o(.bss) for __libspace_start
    sys_stackheap_outer.o(.text) refers to libspace.o(.text) for __user_perproc_libspace
    sys_stackheap_outer.o(.text) refers to sys_stackheap.o(.text) for __user_initial_stackheap
    exit.o(.text) refers to rtexit.o(.ARM.Collect$$rtexit$$00000000) for __rt_exit
    defsig_fpe_outer.o(.text) refers to defsig_fpe_inner.o(.text) for __rt_SIGFPE_inner
    defsig_fpe_outer.o(.text) refers to defsig_exit.o(.text) for __sig_exit
    defsig_fpe_formal.o(.text) refers to rt_raise.o(.text) for __rt_raise
    libinit.o(.ARM.Collect$$libinit$$00000000) refers (Special) to libinit2.o(.ARM.Collect$$libinit$$0000002E) for __rt_lib_init_alloca_1
    libinit.o(.ARM.Collect$$libinit$$00000000) refers (Special) to libinit2.o(.ARM.Collect$$libinit$$0000002C) for __rt_lib_init_argv_1
    libinit.o(.ARM.Collect$$libinit$$00000000) refers (Special) to libinit2.o(.ARM.Collect$$libinit$$0000001B) for __rt_lib_init_atexit_1
    libinit.o(.ARM.Collect$$libinit$$00000000) refers (Special) to libinit2.o(.ARM.Collect$$libinit$$00000021) for __rt_lib_init_clock_1
    libinit.o(.ARM.Collect$$libinit$$00000000) refers (Special) to libinit2.o(.ARM.Collect$$libinit$$00000032) for __rt_lib_init_cpp_1
    libinit.o(.ARM.Collect$$libinit$$00000000) refers (Special) to libinit2.o(.ARM.Collect$$libinit$$00000030) for __rt_lib_init_exceptions_1
    libinit.o(.ARM.Collect$$libinit$$00000000) refers (Special) to libinit2.o(.ARM.Collect$$libinit$$00000001) for __rt_lib_init_fp_1
    libinit.o(.ARM.Collect$$libinit$$00000000) refers (Special) to libinit2.o(.ARM.Collect$$libinit$$0000001F) for __rt_lib_init_fp_trap_1
    libinit.o(.ARM.Collect$$libinit$$00000000) refers (Special) to libinit2.o(.ARM.Collect$$libinit$$00000023) for __rt_lib_init_getenv_1
    libinit.o(.ARM.Collect$$libinit$$00000000) refers (Special) to libinit2.o(.ARM.Collect$$libinit$$0000000A) for __rt_lib_init_heap_1
    libinit.o(.ARM.Collect$$libinit$$00000000) refers (Special) to libinit2.o(.ARM.Collect$$libinit$$00000011) for __rt_lib_init_lc_collate_1
    libinit.o(.ARM.Collect$$libinit$$00000000) refers (Special) to libinit2.o(.ARM.Collect$$libinit$$00000013) for __rt_lib_init_lc_ctype_1
    libinit.o(.ARM.Collect$$libinit$$00000000) refers (Special) to libinit2.o(.ARM.Collect$$libinit$$00000015) for __rt_lib_init_lc_monetary_1
    libinit.o(.ARM.Collect$$libinit$$00000000) refers (Special) to libinit2.o(.ARM.Collect$$libinit$$00000017) for __rt_lib_init_lc_numeric_1
    libinit.o(.ARM.Collect$$libinit$$00000000) refers (Special) to libinit2.o(.ARM.Collect$$libinit$$00000019) for __rt_lib_init_lc_time_1
    libinit.o(.ARM.Collect$$libinit$$00000000) refers (Special) to libinit2.o(.ARM.Collect$$libinit$$00000004) for __rt_lib_init_preinit_1
    libinit.o(.ARM.Collect$$libinit$$00000000) refers (Special) to libinit2.o(.ARM.Collect$$libinit$$0000000E) for __rt_lib_init_rand_1
    libinit.o(.ARM.Collect$$libinit$$00000000) refers (Special) to libinit2.o(.ARM.Collect$$libinit$$00000033) for __rt_lib_init_return
    libinit.o(.ARM.Collect$$libinit$$00000000) refers (Special) to libinit2.o(.ARM.Collect$$libinit$$0000001D) for __rt_lib_init_signal_1
    libinit.o(.ARM.Collect$$libinit$$00000000) refers (Special) to libinit2.o(.ARM.Collect$$libinit$$00000025) for __rt_lib_init_stdio_1
    libinit.o(.ARM.Collect$$libinit$$00000000) refers (Special) to libinit2.o(.ARM.Collect$$libinit$$0000000C) for __rt_lib_init_user_alloc_1
    sys_stackheap.o(.text) refers (Special) to indicate_semi.o(.text) for __semihosting_library_function
    sys_stackheap.o(.text) refers to use_no_semi.o(.text) for __I$use$semihosting
    rtexit.o(.ARM.Collect$$rtexit$$00000000) refers (Special) to rtexit2.o(.ARM.Collect$$rtexit$$00000004) for __rt_exit_exit
    rtexit.o(.ARM.Collect$$rtexit$$00000000) refers (Special) to rtexit2.o(.ARM.Collect$$rtexit$$00000003) for __rt_exit_ls
    rtexit.o(.ARM.Collect$$rtexit$$00000000) refers (Special) to rtexit2.o(.ARM.Collect$$rtexit$$00000002) for __rt_exit_prels_1
    rtexit.o(.ARM.exidx) refers (Special) to rtexit2.o(.ARM.Collect$$rtexit$$00000004) for __rt_exit_exit
    rtexit.o(.ARM.exidx) refers (Special) to rtexit2.o(.ARM.Collect$$rtexit$$00000003) for __rt_exit_ls
    rtexit.o(.ARM.exidx) refers (Special) to rtexit2.o(.ARM.Collect$$rtexit$$00000002) for __rt_exit_prels_1
    rtexit.o(.ARM.exidx) refers to rtexit.o(.ARM.Collect$$rtexit$$00000000) for .ARM.Collect$$rtexit$$00000000
    rt_raise.o(.text) refers to __raise.o(.text) for __raise
    rt_raise.o(.text) refers to sys_exit.o(.text) for _sys_exit
    defsig_exit.o(.text) refers to sys_exit.o(.text) for _sys_exit
    defsig_fpe_inner.o(.text) refers to defsig_general.o(.text) for __default_signal_display
    libinit2.o(.ARM.Collect$$libinit$$00000001) refers to fpinit.o(x$fpl$fpinit) for _fp_init
    libinit2.o(.ARM.Collect$$libinit$$00000010) refers to libinit2.o(.ARM.Collect$$libinit$$0000000F) for .ARM.Collect$$libinit$$0000000F
    libinit2.o(.ARM.Collect$$libinit$$00000012) refers to libinit2.o(.ARM.Collect$$libinit$$0000000F) for .ARM.Collect$$libinit$$0000000F
    libinit2.o(.ARM.Collect$$libinit$$00000014) refers to libinit2.o(.ARM.Collect$$libinit$$0000000F) for .ARM.Collect$$libinit$$0000000F
    libinit2.o(.ARM.Collect$$libinit$$00000016) refers to libinit2.o(.ARM.Collect$$libinit$$0000000F) for .ARM.Collect$$libinit$$0000000F
    libinit2.o(.ARM.Collect$$libinit$$00000018) refers to libinit2.o(.ARM.Collect$$libinit$$0000000F) for .ARM.Collect$$libinit$$0000000F
    libinit2.o(.ARM.Collect$$libinit$$00000026) refers to argv_veneer.o(.emb_text) for __ARM_argv_veneer
    libinit2.o(.ARM.Collect$$libinit$$00000027) refers to argv_veneer.o(.emb_text) for __ARM_argv_veneer
    libinit5.o(.ARM.Collect$$libinit$$00000008) refers to libinit5.o(.ARM.Collect$$libinit$$00002719) for __lit__00000000
    libinit5.o(.ARM.Collect$$libinit$$0000002A) refers to libinit5.o(.ARM.Collect$$libinit$$0000273B) for __lit__00000002
    libinit5.o(.ARM.Collect$$libinit$$0000002A) refers to argv_veneer.o(.emb_text) for __ARM_argv_veneer
    sys_exit.o(.text) refers (Special) to use_no_semi.o(.text) for __I$use$semihosting
    sys_exit.o(.text) refers (Special) to indicate_semi.o(.text) for __semihosting_library_function
    rtexit2.o(.ARM.Collect$$rtexit$$00000003) refers to libshutdown.o(.ARM.Collect$$libshutdown$$00000000) for __rt_lib_shutdown
    rtexit2.o(.ARM.Collect$$rtexit$$00000004) refers to sys_exit.o(.text) for _sys_exit
    rtexit2.o(.ARM.exidx) refers to rtexit2.o(.ARM.Collect$$rtexit$$00000001) for .ARM.Collect$$rtexit$$00000001
    rtexit2.o(.ARM.exidx) refers to rtexit2.o(.ARM.Collect$$rtexit$$00000003) for .ARM.Collect$$rtexit$$00000003
    rtexit2.o(.ARM.exidx) refers to rtexit2.o(.ARM.Collect$$rtexit$$00000004) for .ARM.Collect$$rtexit$$00000004
    __raise.o(.text) refers to defsig.o(CL$$defsig) for __default_signal_handler
    defsig_general.o(.text) refers to sys_wrch.o(.text) for _ttywrch
    argv_veneer.o(.emb_text) refers to no_argv.o(.text) for __ARM_get_argv
    sys_wrch.o(.text) refers (Special) to use_no_semi.o(.text) for __I$use$semihosting
    sys_wrch.o(.text) refers (Special) to indicate_semi.o(.text) for __semihosting_library_function
    defsig.o(CL$$defsig) refers to defsig_fpe_inner.o(.text) for __rt_SIGFPE_inner
    defsig.o(CL$$defsig) refers to defsig_rtmem_inner.o(.text) for __rt_SIGRTMEM_inner
    _get_argv_nomalloc.o(.text) refers (Special) to hrguard.o(.text) for __heap_region$guard
    _get_argv_nomalloc.o(.text) refers to defsig_rtmem_outer.o(.text) for __rt_SIGRTMEM
    _get_argv_nomalloc.o(.text) refers to sys_command.o(.text) for _sys_command_string
    libshutdown.o(.ARM.Collect$$libshutdown$$00000000) refers (Special) to libshutdown2.o(.ARM.Collect$$libshutdown$$00000002) for __rt_lib_shutdown_cpp_1
    libshutdown.o(.ARM.Collect$$libshutdown$$00000000) refers (Special) to libshutdown2.o(.ARM.Collect$$libshutdown$$00000007) for __rt_lib_shutdown_fp_trap_1
    libshutdown.o(.ARM.Collect$$libshutdown$$00000000) refers (Special) to libshutdown2.o(.ARM.Collect$$libshutdown$$0000000F) for __rt_lib_shutdown_heap_1
    libshutdown.o(.ARM.Collect$$libshutdown$$00000000) refers (Special) to libshutdown2.o(.ARM.Collect$$libshutdown$$00000010) for __rt_lib_shutdown_return
    libshutdown.o(.ARM.Collect$$libshutdown$$00000000) refers (Special) to libshutdown2.o(.ARM.Collect$$libshutdown$$0000000A) for __rt_lib_shutdown_signal_1
    libshutdown.o(.ARM.Collect$$libshutdown$$00000000) refers (Special) to libshutdown2.o(.ARM.Collect$$libshutdown$$00000004) for __rt_lib_shutdown_stdio_1
    libshutdown.o(.ARM.Collect$$libshutdown$$00000000) refers (Special) to libshutdown2.o(.ARM.Collect$$libshutdown$$0000000C) for __rt_lib_shutdown_user_alloc_1
    sys_command.o(.text) refers (Special) to use_no_semi.o(.text) for __I$use$semihosting
    sys_command.o(.text) refers (Special) to indicate_semi.o(.text) for __semihosting_library_function
    defsig_abrt_inner.o(.text) refers to defsig_general.o(.text) for __default_signal_display
    defsig_rtred_inner.o(.text) refers to defsig_general.o(.text) for __default_signal_display
    defsig_rtmem_inner.o(.text) refers to defsig_general.o(.text) for __default_signal_display
    defsig_rtmem_outer.o(.text) refers to defsig_rtmem_inner.o(.text) for __rt_SIGRTMEM_inner
    defsig_rtmem_outer.o(.text) refers to defsig_exit.o(.text) for __sig_exit
    defsig_rtmem_formal.o(.text) refers to rt_raise.o(.text) for __rt_raise
    defsig_stak_inner.o(.text) refers to defsig_general.o(.text) for __default_signal_display
    defsig_pvfn_inner.o(.text) refers to defsig_general.o(.text) for __default_signal_display
    defsig_cppl_inner.o(.text) refers to defsig_general.o(.text) for __default_signal_display
    defsig_segv_inner.o(.text) refers to defsig_general.o(.text) for __default_signal_display
    defsig_other.o(.text) refers to defsig_general.o(.text) for __default_signal_display


==============================================================================

Removing Unused input sections from the image.

    Removing adc.o(.rev16_text), (4 bytes).
    Removing adc.o(.revsh_text), (4 bytes).
    Removing adc.o(.rrx_text), (6 bytes).
    Removing adc.o(.text), (208 bytes).
    Removing dac.o(.rev16_text), (4 bytes).
    Removing dac.o(.revsh_text), (4 bytes).
    Removing dac.o(.rrx_text), (6 bytes).
    Removing main.o(.rev16_text), (4 bytes).
    Removing main.o(.revsh_text), (4 bytes).
    Removing main.o(.rrx_text), (6 bytes).
    Removing mcg.o(.rev16_text), (4 bytes).
    Removing mcg.o(.revsh_text), (4 bytes).
    Removing mcg.o(.rrx_text), (6 bytes).
    Removing timerint.o(.rev16_text), (4 bytes).
    Removing timerint.o(.revsh_text), (4 bytes).
    Removing timerint.o(.rrx_text), (6 bytes).
    Removing rgbled.o(.rev16_text), (4 bytes).
    Removing rgbled.o(.revsh_text), (4 bytes).
    Removing rgbled.o(.rrx_text), (6 bytes).
    Removing buttons.o(.rev16_text), (4 bytes).
    Removing buttons.o(.revsh_text), (4 bytes).
    Removing buttons.o(.rrx_text), (6 bytes).
    Removing basicmathfunctions.o(.rev16_text), (4 bytes).
    Removing basicmathfunctions.o(.revsh_text), (4 bytes).
    Removing basicmathfunctions.o(.rrx_text), (6 bytes).
    Removing basicmathfunctions.o(.text), (1668 bytes).
    Removing bayesfunctions.o(.rev16_text), (4 bytes).
    Removing bayesfunctions.o(.revsh_text), (4 bytes).
    Removing bayesfunctions.o(.rrx_text), (6 bytes).
    Removing bayesfunctions.o(.text), (264 bytes).
    Removing commontables.o(.rev16_text), (4 bytes).
    Removing commontables.o(.revsh_text), (4 bytes).
    Removing commontables.o(.rrx_text), (6 bytes).
    Removing commontables.o(.constdata), (920372 bytes).
    Removing complexmathfunctions.o(.rev16_text), (4 bytes).
    Removing complexmathfunctions.o(.revsh_text), (4 bytes).
    Removing complexmathfunctions.o(.rrx_text), (6 bytes).
    Removing complexmathfunctions.o(.text), (1206 bytes).
    Removing controllerfunctions.o(.rev16_text), (4 bytes).
    Removing controllerfunctions.o(.revsh_text), (4 bytes).
    Removing controllerfunctions.o(.rrx_text), (6 bytes).
    Removing controllerfunctions.o(.text), (1250 bytes).
    Removing distancefunctions.o(.rev16_text), (4 bytes).
    Removing distancefunctions.o(.revsh_text), (4 bytes).
    Removing distancefunctions.o(.rrx_text), (6 bytes).
    Removing distancefunctions.o(.text), (3140 bytes).
    Removing fastmathfunctions.o(.rev16_text), (4 bytes).
    Removing fastmathfunctions.o(.revsh_text), (4 bytes).
    Removing fastmathfunctions.o(.rrx_text), (6 bytes).
    Removing fastmathfunctions.o(.text), (1290 bytes).
    Removing filteringfunctions.o(.rev16_text), (4 bytes).
    Removing filteringfunctions.o(.revsh_text), (4 bytes).
    Removing filteringfunctions.o(.rrx_text), (6 bytes).
    Removing filteringfunctions.o(.text), (44704 bytes).
    Removing matrixfunctions.o(.rev16_text), (4 bytes).
    Removing matrixfunctions.o(.revsh_text), (4 bytes).
    Removing matrixfunctions.o(.rrx_text), (6 bytes).
    Removing matrixfunctions.o(.text), (5884 bytes).
    Removing svmfunctions.o(.rev16_text), (4 bytes).
    Removing svmfunctions.o(.revsh_text), (4 bytes).
    Removing svmfunctions.o(.rrx_text), (6 bytes).
    Removing svmfunctions.o(.text), (768 bytes).
    Removing statisticsfunctions.o(.rev16_text), (4 bytes).
    Removing statisticsfunctions.o(.revsh_text), (4 bytes).
    Removing statisticsfunctions.o(.rrx_text), (6 bytes).
    Removing statisticsfunctions.o(.text), (2360 bytes).
    Removing supportfunctions.o(.rev16_text), (4 bytes).
    Removing supportfunctions.o(.revsh_text), (4 bytes).
    Removing supportfunctions.o(.rrx_text), (6 bytes).
    Removing supportfunctions.o(.text), (3456 bytes).
    Removing transformfunctions.o(.rev16_text), (4 bytes).
    Removing transformfunctions.o(.revsh_text), (4 bytes).
    Removing transformfunctions.o(.rrx_text), (6 bytes).
    Removing transformfunctions.o(.text), (36648 bytes).
    Removing system_mk22f51212.o(.rev16_text), (4 bytes).
    Removing system_mk22f51212.o(.revsh_text), (4 bytes).
    Removing system_mk22f51212.o(.rrx_text), (6 bytes).

77 unused section(s) (total 1023512 bytes) removed from the image.

==============================================================================

Image Symbol Table

    Local Symbols

    Symbol Name                              Value     Ov Type        Size  Object(Section)

    RESET                                    0x00000000   Section     1024  startup_mk22f51212.o(RESET)
    ../clib/angel/boardlib.s                 0x00000000   Number         0  boardshut.o ABSOLUTE
    ../clib/angel/boardlib.s                 0x00000000   Number         0  boardinit3.o ABSOLUTE
    ../clib/angel/boardlib.s                 0x00000000   Number         0  boardinit2.o ABSOLUTE
    ../clib/angel/boardlib.s                 0x00000000   Number         0  boardinit1.o ABSOLUTE
    ../clib/angel/dclz77c.s                  0x00000000   Number         0  __dclz77c.o ABSOLUTE
    ../clib/angel/kernel.s                   0x00000000   Number         0  __rtentry4.o ABSOLUTE
    ../clib/angel/kernel.s                   0x00000000   Number         0  __rtentry.o ABSOLUTE
    ../clib/angel/kernel.s                   0x00000000   Number         0  __rtentry2.o ABSOLUTE
    ../clib/angel/kernel.s                   0x00000000   Number         0  rtexit2.o ABSOLUTE
    ../clib/angel/kernel.s                   0x00000000   Number         0  rtexit.o ABSOLUTE
    ../clib/angel/kernel.s                   0x00000000   Number         0  __rtentry7.o ABSOLUTE
    ../clib/angel/rt.s                       0x00000000   Number         0  rt_div0.o ABSOLUTE
    ../clib/angel/rt.s                       0x00000000   Number         0  aeabi_ldiv0_sigfpe.o ABSOLUTE
    ../clib/angel/rt.s                       0x00000000   Number         0  aeabi_ldiv0.o ABSOLUTE
    ../clib/angel/rt.s                       0x00000000   Number         0  rt_raise.o ABSOLUTE
    ../clib/angel/rt.s                       0x00000000   Number         0  rt_errno_addr_intlibspace.o ABSOLUTE
    ../clib/angel/rt.s                       0x00000000   Number         0  rt_errno_addr.o ABSOLUTE
    ../clib/angel/scatter.s                  0x00000000   Number         0  __scatter.o ABSOLUTE
    ../clib/angel/startup.s                  0x00000000   Number         0  __main.o ABSOLUTE
    ../clib/angel/sys.s                      0x00000000   Number         0  indicate_semi.o ABSOLUTE
    ../clib/angel/sys.s                      0x00000000   Number         0  sys_stackheap.o ABSOLUTE
    ../clib/angel/sys.s                      0x00000000   Number         0  sys_stackheap_outer.o ABSOLUTE
    ../clib/angel/sys.s                      0x00000000   Number         0  use_no_semi.o ABSOLUTE
    ../clib/angel/sys.s                      0x00000000   Number         0  libspace.o ABSOLUTE
    ../clib/angel/sysapp.c                   0x00000000   Number         0  sys_wrch.o ABSOLUTE
    ../clib/angel/sysapp.c                   0x00000000   Number         0  sys_command.o ABSOLUTE
    ../clib/angel/sysapp.c                   0x00000000   Number         0  sys_exit.o ABSOLUTE
    ../clib/armsys.c                         0x00000000   Number         0  no_argv.o ABSOLUTE
    ../clib/armsys.c                         0x00000000   Number         0  argv_veneer.o ABSOLUTE
    ../clib/armsys.c                         0x00000000   Number         0  argv_veneer.o ABSOLUTE
    ../clib/armsys.c                         0x00000000   Number         0  _get_argv_nomalloc.o ABSOLUTE
    ../clib/fenv.c                           0x00000000   Number         0  _rserrno.o ABSOLUTE
    ../clib/heapalloc.c                      0x00000000   Number         0  hrguard.o ABSOLUTE
    ../clib/libinit.s                        0x00000000   Number         0  libinit2.o ABSOLUTE
    ../clib/libinit.s                        0x00000000   Number         0  libshutdown.o ABSOLUTE
    ../clib/libinit.s                        0x00000000   Number         0  libinit5.o ABSOLUTE
    ../clib/libinit.s                        0x00000000   Number         0  libinit.o ABSOLUTE
    ../clib/libinit.s                        0x00000000   Number         0  libshutdown2.o ABSOLUTE
    ../clib/longlong.s                       0x00000000   Number         0  llsdiv.o ABSOLUTE
    ../clib/longlong.s                       0x00000000   Number         0  llsshr.o ABSOLUTE
    ../clib/longlong.s                       0x00000000   Number         0  lludivv7m.o ABSOLUTE
    ../clib/longlong.s                       0x00000000   Number         0  llshl.o ABSOLUTE
    ../clib/memcpset.s                       0x00000000   Number         0  rt_memcpy_w.o ABSOLUTE
    ../clib/memcpset.s                       0x00000000   Number         0  rt_memclr.o ABSOLUTE
    ../clib/memcpset.s                       0x00000000   Number         0  rt_memclr_w.o ABSOLUTE
    ../clib/signal.c                         0x00000000   Number         0  __raise.o ABSOLUTE
    ../clib/signal.c                         0x00000000   Number         0  defsig_fpe_inner.o ABSOLUTE
    ../clib/signal.c                         0x00000000   Number         0  defsig_exit.o ABSOLUTE
    ../clib/signal.c                         0x00000000   Number         0  defsig_fpe_formal.o ABSOLUTE
    ../clib/signal.c                         0x00000000   Number         0  defsig_stak_inner.o ABSOLUTE
    ../clib/signal.c                         0x00000000   Number         0  defsig_fpe_outer.o ABSOLUTE
    ../clib/signal.c                         0x00000000   Number         0  defsig_other.o ABSOLUTE
    ../clib/signal.c                         0x00000000   Number         0  defsig_segv_inner.o ABSOLUTE
    ../clib/signal.c                         0x00000000   Number         0  defsig_cppl_inner.o ABSOLUTE
    ../clib/signal.c                         0x00000000   Number         0  defsig_pvfn_inner.o ABSOLUTE
    ../clib/signal.c                         0x00000000   Number         0  defsig_rtmem_formal.o ABSOLUTE
    ../clib/signal.c                         0x00000000   Number         0  defsig_rtmem_outer.o ABSOLUTE
    ../clib/signal.c                         0x00000000   Number         0  defsig_rtmem_inner.o ABSOLUTE
    ../clib/signal.c                         0x00000000   Number         0  defsig_rtred_inner.o ABSOLUTE
    ../clib/signal.c                         0x00000000   Number         0  defsig_abrt_inner.o ABSOLUTE
    ../clib/signal.c                         0x00000000   Number         0  defsig_general.o ABSOLUTE
    ../clib/signal.s                         0x00000000   Number         0  defsig.o ABSOLUTE
    ../clib/stdlib.c                         0x00000000   Number         0  exit.o ABSOLUTE
    ../fplib/basic.s                         0x00000000   Number         0  basic.o ABSOLUTE
    ../fplib/d2f.s                           0x00000000   Number         0  d2f.o ABSOLUTE
    ../fplib/daddsub.s                       0x00000000   Number         0  daddsub_clz.o ABSOLUTE
    ../fplib/dcmpi.s                         0x00000000   Number         0  dcmpi.o ABSOLUTE
    ../fplib/ddiv.s                          0x00000000   Number         0  ddiv.o ABSOLUTE
    ../fplib/deqf.s                          0x00000000   Number         0  deqf.o ABSOLUTE
    ../fplib/dflt.s                          0x00000000   Number         0  dflt_clz.o ABSOLUTE
    ../fplib/dmul.s                          0x00000000   Number         0  dmul.o ABSOLUTE
    ../fplib/dnaninf.s                       0x00000000   Number         0  dnaninf.o ABSOLUTE
    ../fplib/dretinf.s                       0x00000000   Number         0  dretinf.o ABSOLUTE
    ../fplib/f2d.s                           0x00000000   Number         0  f2d.o ABSOLUTE
    ../fplib/ffixll.s                        0x00000000   Number         0  ffixll.o ABSOLUTE
    ../fplib/fnaninf.s                       0x00000000   Number         0  fnaninf.o ABSOLUTE
    ../fplib/fpinit.s                        0x00000000   Number         0  fpinit.o ABSOLUTE
    ../fplib/fretinf.s                       0x00000000   Number         0  fretinf.o ABSOLUTE
    ../fplib/istatus.s                       0x00000000   Number         0  istatus.o ABSOLUTE
    ../fplib/usenofp.s                       0x00000000   Number         0  usenofp.o ABSOLUTE
    ../mathlib/dunder.c                      0x00000000   Number         0  dunder.o ABSOLUTE
    ../mathlib/expf.c                        0x00000000   Number         0  expf.o ABSOLUTE
    ../mathlib/expf.c                        0x00000000   Number         0  expf_x.o ABSOLUTE
    ../mathlib/fpclassifyf.c                 0x00000000   Number         0  fpclassifyf.o ABSOLUTE
    ../mathlib/funder.c                      0x00000000   Number         0  funder.o ABSOLUTE
    ../mathlib/log.c                         0x00000000   Number         0  log_x.o ABSOLUTE
    ../mathlib/log.c                         0x00000000   Number         0  log.o ABSOLUTE
    ../mathlib/logf.c                        0x00000000   Number         0  logf_x.o ABSOLUTE
    ../mathlib/logf.c                        0x00000000   Number         0  logf.o ABSOLUTE
    ../mathlib/poly.c                        0x00000000   Number         0  poly.o ABSOLUTE
    ../mathlib/powf.c                        0x00000000   Number         0  powf.o ABSOLUTE
    ../mathlib/powf.c                        0x00000000   Number         0  powf_x.o ABSOLUTE
    ../mathlib/qnan.c                        0x00000000   Number         0  qnan.o ABSOLUTE
    ../mathlib/tanhf.c                       0x00000000   Number         0  tanhf.o ABSOLUTE
    ../mathlib/tanhf.c                       0x00000000   Number         0  tanhf_x.o ABSOLUTE
    ADC.c                                    0x00000000   Number         0  adc.o ABSOLUTE
    ADC.c                                    0x00000000   Number         0  adc.o ABSOLUTE
    BUTTONS.c                                0x00000000   Number         0  buttons.o ABSOLUTE
    BUTTONS.c                                0x00000000   Number         0  buttons.o ABSOLUTE
    C:\Users\NI98JNA\AppData\Local\Arm\Packs\ARM\CMSIS\5.7.0\CMSIS\DSP\Source\BasicMathFunctions\BasicMathFunctions.c 0x00000000   Number         0  basicmathfunctions.o ABSOLUTE
    C:\Users\NI98JNA\AppData\Local\Arm\Packs\ARM\CMSIS\5.7.0\CMSIS\DSP\Source\BayesFunctions\BayesFunctions.c 0x00000000   Number         0  bayesfunctions.o ABSOLUTE
    C:\Users\NI98JNA\AppData\Local\Arm\Packs\ARM\CMSIS\5.7.0\CMSIS\DSP\Source\CommonTables\CommonTables.c 0x00000000   Number         0  commontables.o ABSOLUTE
    C:\Users\NI98JNA\AppData\Local\Arm\Packs\ARM\CMSIS\5.7.0\CMSIS\DSP\Source\ComplexMathFunctions\ComplexMathFunctions.c 0x00000000   Number         0  complexmathfunctions.o ABSOLUTE
    C:\Users\NI98JNA\AppData\Local\Arm\Packs\ARM\CMSIS\5.7.0\CMSIS\DSP\Source\ControllerFunctions\ControllerFunctions.c 0x00000000   Number         0  controllerfunctions.o ABSOLUTE
    C:\Users\NI98JNA\AppData\Local\Arm\Packs\ARM\CMSIS\5.7.0\CMSIS\DSP\Source\DistanceFunctions\DistanceFunctions.c 0x00000000   Number         0  distancefunctions.o ABSOLUTE
    C:\Users\NI98JNA\AppData\Local\Arm\Packs\ARM\CMSIS\5.7.0\CMSIS\DSP\Source\FastMathFunctions\FastMathFunctions.c 0x00000000   Number         0  fastmathfunctions.o ABSOLUTE
    C:\Users\NI98JNA\AppData\Local\Arm\Packs\ARM\CMSIS\5.7.0\CMSIS\DSP\Source\FilteringFunctions\FilteringFunctions.c 0x00000000   Number         0  filteringfunctions.o ABSOLUTE
    C:\Users\NI98JNA\AppData\Local\Arm\Packs\ARM\CMSIS\5.7.0\CMSIS\DSP\Source\MatrixFunctions\MatrixFunctions.c 0x00000000   Number         0  matrixfunctions.o ABSOLUTE
    C:\Users\NI98JNA\AppData\Local\Arm\Packs\ARM\CMSIS\5.7.0\CMSIS\DSP\Source\SVMFunctions\SVMFunctions.c 0x00000000   Number         0  svmfunctions.o ABSOLUTE
    C:\Users\NI98JNA\AppData\Local\Arm\Packs\ARM\CMSIS\5.7.0\CMSIS\DSP\Source\StatisticsFunctions\StatisticsFunctions.c 0x00000000   Number         0  statisticsfunctions.o ABSOLUTE
    C:\Users\NI98JNA\AppData\Local\Arm\Packs\ARM\CMSIS\5.7.0\CMSIS\DSP\Source\SupportFunctions\SupportFunctions.c 0x00000000   Number         0  supportfunctions.o ABSOLUTE
    C:\Users\NI98JNA\AppData\Local\Arm\Packs\ARM\CMSIS\5.7.0\CMSIS\DSP\Source\TransformFunctions\TransformFunctions.c 0x00000000   Number         0  transformfunctions.o ABSOLUTE
    C:\\Users\\NI98JNA\\AppData\\Local\\Arm\\Packs\\ARM\\CMSIS\\5.7.0\\CMSIS\\DSP\\Source\\BasicMathFunctions\\BasicMathFunctions.c 0x00000000   Number         0  basicmathfunctions.o ABSOLUTE
    C:\\Users\\NI98JNA\\AppData\\Local\\Arm\\Packs\\ARM\\CMSIS\\5.7.0\\CMSIS\\DSP\\Source\\BayesFunctions\\BayesFunctions.c 0x00000000   Number         0  bayesfunctions.o ABSOLUTE
    C:\\Users\\NI98JNA\\AppData\\Local\\Arm\\Packs\\ARM\\CMSIS\\5.7.0\\CMSIS\\DSP\\Source\\CommonTables\\CommonTables.c 0x00000000   Number         0  commontables.o ABSOLUTE
    C:\\Users\\NI98JNA\\AppData\\Local\\Arm\\Packs\\ARM\\CMSIS\\5.7.0\\CMSIS\\DSP\\Source\\ComplexMathFunctions\\ComplexMathFunctions.c 0x00000000   Number         0  complexmathfunctions.o ABSOLUTE
    C:\\Users\\NI98JNA\\AppData\\Local\\Arm\\Packs\\ARM\\CMSIS\\5.7.0\\CMSIS\\DSP\\Source\\ControllerFunctions\\ControllerFunctions.c 0x00000000   Number         0  controllerfunctions.o ABSOLUTE
    C:\\Users\\NI98JNA\\AppData\\Local\\Arm\\Packs\\ARM\\CMSIS\\5.7.0\\CMSIS\\DSP\\Source\\DistanceFunctions\\DistanceFunctions.c 0x00000000   Number         0  distancefunctions.o ABSOLUTE
    C:\\Users\\NI98JNA\\AppData\\Local\\Arm\\Packs\\ARM\\CMSIS\\5.7.0\\CMSIS\\DSP\\Source\\FastMathFunctions\\FastMathFunctions.c 0x00000000   Number         0  fastmathfunctions.o ABSOLUTE
    C:\\Users\\NI98JNA\\AppData\\Local\\Arm\\Packs\\ARM\\CMSIS\\5.7.0\\CMSIS\\DSP\\Source\\FilteringFunctions\\FilteringFunctions.c 0x00000000   Number         0  filteringfunctions.o ABSOLUTE
    C:\\Users\\NI98JNA\\AppData\\Local\\Arm\\Packs\\ARM\\CMSIS\\5.7.0\\CMSIS\\DSP\\Source\\MatrixFunctions\\MatrixFunctions.c 0x00000000   Number         0  matrixfunctions.o ABSOLUTE
    C:\\Users\\NI98JNA\\AppData\\Local\\Arm\\Packs\\ARM\\CMSIS\\5.7.0\\CMSIS\\DSP\\Source\\SVMFunctions\\SVMFunctions.c 0x00000000   Number         0  svmfunctions.o ABSOLUTE
    C:\\Users\\NI98JNA\\AppData\\Local\\Arm\\Packs\\ARM\\CMSIS\\5.7.0\\CMSIS\\DSP\\Source\\StatisticsFunctions\\StatisticsFunctions.c 0x00000000   Number         0  statisticsfunctions.o ABSOLUTE
    C:\\Users\\NI98JNA\\AppData\\Local\\Arm\\Packs\\ARM\\CMSIS\\5.7.0\\CMSIS\\DSP\\Source\\SupportFunctions\\SupportFunctions.c 0x00000000   Number         0  supportfunctions.o ABSOLUTE
    C:\\Users\\NI98JNA\\AppData\\Local\\Arm\\Packs\\ARM\\CMSIS\\5.7.0\\CMSIS\\DSP\\Source\\TransformFunctions\\TransformFunctions.c 0x00000000   Number         0  transformfunctions.o ABSOLUTE
    DAC.c                                    0x00000000   Number         0  dac.o ABSOLUTE
    DAC.c                                    0x00000000   Number         0  dac.o ABSOLUTE
    MCG.c                                    0x00000000   Number         0  mcg.o ABSOLUTE
    MCG.c                                    0x00000000   Number         0  mcg.o ABSOLUTE
    RGBLED.c                                 0x00000000   Number         0  rgbled.o ABSOLUTE
    RGBLED.c                                 0x00000000   Number         0  rgbled.o ABSOLUTE
    RTE\Device\MK22FN512VLH12\startup_MK22F51212.s 0x00000000   Number         0  startup_mk22f51212.o ABSOLUTE
    RTE\Device\MK22FN512VLH12\system_MK22F51212.c 0x00000000   Number         0  system_mk22f51212.o ABSOLUTE
    RTE\\Device\\MK22FN512VLH12\\system_MK22F51212.c 0x00000000   Number         0  system_mk22f51212.o ABSOLUTE
    TimerInt.c                               0x00000000   Number         0  timerint.o ABSOLUTE
    TimerInt.c                               0x00000000   Number         0  timerint.o ABSOLUTE
    dc.s                                     0x00000000   Number         0  dc.o ABSOLUTE
    main.c                                   0x00000000   Number         0  main.o ABSOLUTE
    main.c                                   0x00000000   Number         0  main.o ABSOLUTE
    FlashConfig                              0x00000400   Section       16  startup_mk22f51212.o(FlashConfig)
    !!!main                                  0x00000410   Section        8  __main.o(!!!main)
    !!!scatter                               0x00000418   Section       52  __scatter.o(!!!scatter)
    !!dclz77c                                0x0000044c   Section      100  __dclz77c.o(!!dclz77c)
    .ARM.Collect$$libinit$$00000000          0x000004b0   Section        2  libinit.o(.ARM.Collect$$libinit$$00000000)
    .ARM.Collect$$libinit$$00000001          0x000004b2   Section        4  libinit2.o(.ARM.Collect$$libinit$$00000001)
    .ARM.Collect$$libinit$$00000004          0x000004b6   Section        0  libinit2.o(.ARM.Collect$$libinit$$00000004)
    .ARM.Collect$$libinit$$0000000A          0x000004b6   Section        0  libinit2.o(.ARM.Collect$$libinit$$0000000A)
    .ARM.Collect$$libinit$$0000000C          0x000004b6   Section        0  libinit2.o(.ARM.Collect$$libinit$$0000000C)
    .ARM.Collect$$libinit$$0000000E          0x000004b6   Section        0  libinit2.o(.ARM.Collect$$libinit$$0000000E)
    .ARM.Collect$$libinit$$00000011          0x000004b6   Section        0  libinit2.o(.ARM.Collect$$libinit$$00000011)
    .ARM.Collect$$libinit$$00000013          0x000004b6   Section        0  libinit2.o(.ARM.Collect$$libinit$$00000013)
    .ARM.Collect$$libinit$$00000015          0x000004b6   Section        0  libinit2.o(.ARM.Collect$$libinit$$00000015)
    .ARM.Collect$$libinit$$00000017          0x000004b6   Section        0  libinit2.o(.ARM.Collect$$libinit$$00000017)
    .ARM.Collect$$libinit$$00000019          0x000004b6   Section        0  libinit2.o(.ARM.Collect$$libinit$$00000019)
    .ARM.Collect$$libinit$$0000001B          0x000004b6   Section        0  libinit2.o(.ARM.Collect$$libinit$$0000001B)
    .ARM.Collect$$libinit$$0000001D          0x000004b6   Section        0  libinit2.o(.ARM.Collect$$libinit$$0000001D)
    .ARM.Collect$$libinit$$0000001F          0x000004b6   Section        0  libinit2.o(.ARM.Collect$$libinit$$0000001F)
    .ARM.Collect$$libinit$$00000021          0x000004b6   Section        0  libinit2.o(.ARM.Collect$$libinit$$00000021)
    .ARM.Collect$$libinit$$00000023          0x000004b6   Section        0  libinit2.o(.ARM.Collect$$libinit$$00000023)
    .ARM.Collect$$libinit$$00000025          0x000004b6   Section        0  libinit2.o(.ARM.Collect$$libinit$$00000025)
    .ARM.Collect$$libinit$$0000002C          0x000004b6   Section        0  libinit2.o(.ARM.Collect$$libinit$$0000002C)
    .ARM.Collect$$libinit$$0000002E          0x000004b6   Section        0  libinit2.o(.ARM.Collect$$libinit$$0000002E)
    .ARM.Collect$$libinit$$00000030          0x000004b6   Section        0  libinit2.o(.ARM.Collect$$libinit$$00000030)
    .ARM.Collect$$libinit$$00000032          0x000004b6   Section        0  libinit2.o(.ARM.Collect$$libinit$$00000032)
    .ARM.Collect$$libinit$$00000033          0x000004b6   Section        2  libinit2.o(.ARM.Collect$$libinit$$00000033)
    .ARM.Collect$$libshutdown$$00000000      0x000004b8   Section        2  libshutdown.o(.ARM.Collect$$libshutdown$$00000000)
    .ARM.Collect$$libshutdown$$00000002      0x000004ba   Section        0  libshutdown2.o(.ARM.Collect$$libshutdown$$00000002)
    .ARM.Collect$$libshutdown$$00000004      0x000004ba   Section        0  libshutdown2.o(.ARM.Collect$$libshutdown$$00000004)
    .ARM.Collect$$libshutdown$$00000007      0x000004ba   Section        0  libshutdown2.o(.ARM.Collect$$libshutdown$$00000007)
    .ARM.Collect$$libshutdown$$0000000A      0x000004ba   Section        0  libshutdown2.o(.ARM.Collect$$libshutdown$$0000000A)
    .ARM.Collect$$libshutdown$$0000000C      0x000004ba   Section        0  libshutdown2.o(.ARM.Collect$$libshutdown$$0000000C)
    .ARM.Collect$$libshutdown$$0000000F      0x000004ba   Section        0  libshutdown2.o(.ARM.Collect$$libshutdown$$0000000F)
    .ARM.Collect$$libshutdown$$00000010      0x000004ba   Section        2  libshutdown2.o(.ARM.Collect$$libshutdown$$00000010)
    .ARM.Collect$$rtentry$$00000000          0x000004bc   Section        0  __rtentry.o(.ARM.Collect$$rtentry$$00000000)
    .ARM.Collect$$rtentry$$00000002          0x000004bc   Section        0  __rtentry2.o(.ARM.Collect$$rtentry$$00000002)
    .ARM.Collect$$rtentry$$00000007          0x000004bc   Section        4  __rtentry7.o(.ARM.Collect$$rtentry$$00000007)
    .ARM.Collect$$rtentry$$00000009          0x000004c0   Section        0  __rtentry2.o(.ARM.Collect$$rtentry$$00000009)
    .ARM.Collect$$rtentry$$0000000A          0x000004c0   Section        4  __rtentry2.o(.ARM.Collect$$rtentry$$0000000A)
    .ARM.Collect$$rtentry$$0000000C          0x000004c4   Section        0  __rtentry2.o(.ARM.Collect$$rtentry$$0000000C)
    .ARM.Collect$$rtentry$$0000000D          0x000004c4   Section        8  __rtentry2.o(.ARM.Collect$$rtentry$$0000000D)
    .ARM.Collect$$rtentry$$00002718          0x000004cc   Section        4  __rtentry7.o(.ARM.Collect$$rtentry$$00002718)
    __lit__00000000                          0x000004cc   Data           4  __rtentry7.o(.ARM.Collect$$rtentry$$00002718)
    .ARM.Collect$$rtexit$$00000000           0x000004d0   Section        2  rtexit.o(.ARM.Collect$$rtexit$$00000000)
    .ARM.Collect$$rtexit$$00000002           0x000004d2   Section        0  rtexit2.o(.ARM.Collect$$rtexit$$00000002)
    .ARM.Collect$$rtexit$$00000003           0x000004d2   Section        4  rtexit2.o(.ARM.Collect$$rtexit$$00000003)
    .ARM.Collect$$rtexit$$00000004           0x000004d6   Section        6  rtexit2.o(.ARM.Collect$$rtexit$$00000004)
    .text                                    0x000004dc   Section        0  dac.o(.text)
    .text                                    0x00000534   Section        0  main.o(.text)
    __NVIC_ClearPendingIRQ                   0x00000a51   Thumb Code    22  main.o(.text)
    .text                                    0x00000a88   Section        0  mcg.o(.text)
    .text                                    0x00000b34   Section        0  timerint.o(.text)
    .text                                    0x00000bb8   Section        0  rgbled.o(.text)
    .text                                    0x00000c34   Section        0  buttons.o(.text)
    __NVIC_EnableIRQ                         0x00000c35   Thumb Code    34  buttons.o(.text)
    __NVIC_ClearPendingIRQ                   0x00000cc5   Thumb Code    22  buttons.o(.text)
    .text                                    0x00000cf0   Section      308  startup_mk22f51212.o(.text)
    $v0                                      0x00000cf0   Number         0  startup_mk22f51212.o(.text)
    .text                                    0x00000e24   Section        0  system_mk22f51212.o(.text)
    .text                                    0x00001010   Section        0  exit.o(.text)
    .text                                    0x00001024   Section        0  sys_exit.o(.text)
    .text                                    0x00001030   Section        2  use_no_semi.o(.text)
    .text                                    0x00001032   Section        0  indicate_semi.o(.text)
    x$fpl$fpinit                             0x00001032   Section       10  fpinit.o(x$fpl$fpinit)
    $v0                                      0x00001032   Number         0  fpinit.o(x$fpl$fpinit)
    .data                                    0x1fff0000   Section      886  main.o(.data)
    .data                                    0x1fff0378   Section        4  system_mk22f51212.o(.data)

    Global Symbols

    Symbol Name                              Value     Ov Type        Size  Object(Section)

    BuildAttributes$$THM_ISAv4$E$P$D$K$B$S$7EM$VFPi3$EXTD16$VFPS$VFMA$PE$A:L22UL41UL21$X:L11$S22US41US21$IEEE1$IW$USESV6$~STKCKD$USESV7$~SHL$OTIME$ROPI$IEEEX$EBA8$UX$STANDARDLIB$REQ8$PRES8$EABIv2 0x00000000   Number         0  anon$$obj.o ABSOLUTE
    __ARM_use_no_argv                        0x00000000   Number         0  main.o ABSOLUTE
    __Vectors                                0x00000000   Data           4  startup_mk22f51212.o(RESET)
    Image$$ZI$$Limit                          - Undefined Weak Reference
    __ARM_exceptions_init                     - Undefined Weak Reference
    __alloca_initialize                       - Undefined Weak Reference
    __arm_preinit_                            - Undefined Weak Reference
    __cpp_initialize__aeabi_                  - Undefined Weak Reference
    __cxa_finalize                            - Undefined Weak Reference
    __rt_locale                               - Undefined Weak Reference
    __sigvec_lookup                           - Undefined Weak Reference
    _atexit_init                              - Undefined Weak Reference
    _call_atexit_fns                          - Undefined Weak Reference
    _clock_init                               - Undefined Weak Reference
    _fp_trap_init                             - Undefined Weak Reference
    _fp_trap_shutdown                         - Undefined Weak Reference
    _get_lc_collate                           - Undefined Weak Reference
    _get_lc_ctype                             - Undefined Weak Reference
    _get_lc_monetary                          - Undefined Weak Reference
    _get_lc_numeric                           - Undefined Weak Reference
    _get_lc_time                              - Undefined Weak Reference
    _getenv_init                              - Undefined Weak Reference
    _handle_redirection                       - Undefined Weak Reference
    _init_alloc                               - Undefined Weak Reference
    _init_user_alloc                          - Undefined Weak Reference
    _initio                                   - Undefined Weak Reference
    _rand_init                                - Undefined Weak Reference
    _signal_finish                            - Undefined Weak Reference
    _signal_init                              - Undefined Weak Reference
    _terminate_alloc                          - Undefined Weak Reference
    _terminate_user_alloc                     - Undefined Weak Reference
    _terminateio                              - Undefined Weak Reference
    __Vectors_End                            0x00000400   Data           0  startup_mk22f51212.o(RESET)
    __Vectors_Size                           0x00000400   Number         0  startup_mk22f51212.o ABSOLUTE
    __main                                   0x00000411   Thumb Code     8  __main.o(!!!main)
    __scatterload                            0x00000419   Thumb Code     0  __scatter.o(!!!scatter)
    __scatterload_rt2                        0x00000419   Thumb Code    44  __scatter.o(!!!scatter)
    __scatterload_rt2_thumb_only             0x00000419   Thumb Code     0  __scatter.o(!!!scatter)
    __scatterload_null                       0x00000427   Thumb Code     0  __scatter.o(!!!scatter)
    __decompress                             0x0000044d   Thumb Code   100  __dclz77c.o(!!dclz77c)
    __decompress2                            0x0000044d   Thumb Code     0  __dclz77c.o(!!dclz77c)
    __rt_lib_init                            0x000004b1   Thumb Code     0  libinit.o(.ARM.Collect$$libinit$$00000000)
    __rt_lib_init_fp_1                       0x000004b3   Thumb Code     0  libinit2.o(.ARM.Collect$$libinit$$00000001)
    __rt_lib_init_alloca_1                   0x000004b7   Thumb Code     0  libinit2.o(.ARM.Collect$$libinit$$0000002E)
    __rt_lib_init_argv_1                     0x000004b7   Thumb Code     0  libinit2.o(.ARM.Collect$$libinit$$0000002C)
    __rt_lib_init_atexit_1                   0x000004b7   Thumb Code     0  libinit2.o(.ARM.Collect$$libinit$$0000001B)
    __rt_lib_init_clock_1                    0x000004b7   Thumb Code     0  libinit2.o(.ARM.Collect$$libinit$$00000021)
    __rt_lib_init_cpp_1                      0x000004b7   Thumb Code     0  libinit2.o(.ARM.Collect$$libinit$$00000032)
    __rt_lib_init_exceptions_1               0x000004b7   Thumb Code     0  libinit2.o(.ARM.Collect$$libinit$$00000030)
    __rt_lib_init_fp_trap_1                  0x000004b7   Thumb Code     0  libinit2.o(.ARM.Collect$$libinit$$0000001F)
    __rt_lib_init_getenv_1                   0x000004b7   Thumb Code     0  libinit2.o(.ARM.Collect$$libinit$$00000023)
    __rt_lib_init_heap_1                     0x000004b7   Thumb Code     0  libinit2.o(.ARM.Collect$$libinit$$0000000A)
    __rt_lib_init_lc_collate_1               0x000004b7   Thumb Code     0  libinit2.o(.ARM.Collect$$libinit$$00000011)
    __rt_lib_init_lc_ctype_1                 0x000004b7   Thumb Code     0  libinit2.o(.ARM.Collect$$libinit$$00000013)
    __rt_lib_init_lc_monetary_1              0x000004b7   Thumb Code     0  libinit2.o(.ARM.Collect$$libinit$$00000015)
    __rt_lib_init_lc_numeric_1               0x000004b7   Thumb Code     0  libinit2.o(.ARM.Collect$$libinit$$00000017)
    __rt_lib_init_lc_time_1                  0x000004b7   Thumb Code     0  libinit2.o(.ARM.Collect$$libinit$$00000019)
    __rt_lib_init_preinit_1                  0x000004b7   Thumb Code     0  libinit2.o(.ARM.Collect$$libinit$$00000004)
    __rt_lib_init_rand_1                     0x000004b7   Thumb Code     0  libinit2.o(.ARM.Collect$$libinit$$0000000E)
    __rt_lib_init_return                     0x000004b7   Thumb Code     0  libinit2.o(.ARM.Collect$$libinit$$00000033)
    __rt_lib_init_signal_1                   0x000004b7   Thumb Code     0  libinit2.o(.ARM.Collect$$libinit$$0000001D)
    __rt_lib_init_stdio_1                    0x000004b7   Thumb Code     0  libinit2.o(.ARM.Collect$$libinit$$00000025)
    __rt_lib_init_user_alloc_1               0x000004b7   Thumb Code     0  libinit2.o(.ARM.Collect$$libinit$$0000000C)
    __rt_lib_shutdown                        0x000004b9   Thumb Code     0  libshutdown.o(.ARM.Collect$$libshutdown$$00000000)
    __rt_lib_shutdown_cpp_1                  0x000004bb   Thumb Code     0  libshutdown2.o(.ARM.Collect$$libshutdown$$00000002)
    __rt_lib_shutdown_fp_trap_1              0x000004bb   Thumb Code     0  libshutdown2.o(.ARM.Collect$$libshutdown$$00000007)
    __rt_lib_shutdown_heap_1                 0x000004bb   Thumb Code     0  libshutdown2.o(.ARM.Collect$$libshutdown$$0000000F)
    __rt_lib_shutdown_return                 0x000004bb   Thumb Code     0  libshutdown2.o(.ARM.Collect$$libshutdown$$00000010)
    __rt_lib_shutdown_signal_1               0x000004bb   Thumb Code     0  libshutdown2.o(.ARM.Collect$$libshutdown$$0000000A)
    __rt_lib_shutdown_stdio_1                0x000004bb   Thumb Code     0  libshutdown2.o(.ARM.Collect$$libshutdown$$00000004)
    __rt_lib_shutdown_user_alloc_1           0x000004bb   Thumb Code     0  libshutdown2.o(.ARM.Collect$$libshutdown$$0000000C)
    __rt_entry                               0x000004bd   Thumb Code     0  __rtentry.o(.ARM.Collect$$rtentry$$00000000)
    __rt_entry_presh_1                       0x000004bd   Thumb Code     0  __rtentry2.o(.ARM.Collect$$rtentry$$00000002)
    __rt_entry_sh                            0x000004bd   Thumb Code     0  __rtentry7.o(.ARM.Collect$$rtentry$$00000007)
    __rt_entry_li                            0x000004c1   Thumb Code     0  __rtentry2.o(.ARM.Collect$$rtentry$$0000000A)
    __rt_entry_postsh_1                      0x000004c1   Thumb Code     0  __rtentry2.o(.ARM.Collect$$rtentry$$00000009)
    __rt_entry_main                          0x000004c5   Thumb Code     0  __rtentry2.o(.ARM.Collect$$rtentry$$0000000D)
    __rt_entry_postli_1                      0x000004c5   Thumb Code     0  __rtentry2.o(.ARM.Collect$$rtentry$$0000000C)
    __rt_exit                                0x000004d1   Thumb Code     0  rtexit.o(.ARM.Collect$$rtexit$$00000000)
    __rt_exit_ls                             0x000004d3   Thumb Code     0  rtexit2.o(.ARM.Collect$$rtexit$$00000003)
    __rt_exit_prels_1                        0x000004d3   Thumb Code     0  rtexit2.o(.ARM.Collect$$rtexit$$00000002)
    __rt_exit_exit                           0x000004d7   Thumb Code     0  rtexit2.o(.ARM.Collect$$rtexit$$00000004)
    DAC_Init                                 0x000004dd   Thumb Code    78  dac.o(.text)
    PIT0_IRQHandler                          0x00000535   Thumb Code    98  main.o(.text)
    PORTB_IRQHandler                         0x00000597   Thumb Code   552  main.o(.text)
    PORTC_IRQHandler                         0x000007bf   Thumb Code   634  main.o(.text)
    main                                     0x00000a39   Thumb Code    24  main.o(.text)
    MCG_Clock120_Init                        0x00000a89   Thumb Code   156  mcg.o(.text)
    TimerInt_Init                            0x00000b35   Thumb Code   116  timerint.o(.text)
    RGBLED_Init                              0x00000bb9   Thumb Code   106  rgbled.o(.text)
    BUTTONS_Init                             0x00000c57   Thumb Code   110  buttons.o(.text)
    Reset_Handler                            0x00000cf1   Thumb Code    24  startup_mk22f51212.o(.text)
    NMI_Handler                              0x00000d09   Thumb Code     2  startup_mk22f51212.o(.text)
    HardFault_Handler                        0x00000d0b   Thumb Code     2  startup_mk22f51212.o(.text)
    MemManage_Handler                        0x00000d0d   Thumb Code     2  startup_mk22f51212.o(.text)
    BusFault_Handler                         0x00000d0f   Thumb Code     2  startup_mk22f51212.o(.text)
    UsageFault_Handler                       0x00000d11   Thumb Code     2  startup_mk22f51212.o(.text)
    SVC_Handler                              0x00000d13   Thumb Code     2  startup_mk22f51212.o(.text)
    DebugMon_Handler                         0x00000d15   Thumb Code     2  startup_mk22f51212.o(.text)
    PendSV_Handler                           0x00000d17   Thumb Code     2  startup_mk22f51212.o(.text)
    SysTick_Handler                          0x00000d19   Thumb Code     2  startup_mk22f51212.o(.text)
    DMA0_IRQHandler                          0x00000d1b   Thumb Code     4  startup_mk22f51212.o(.text)
    DMA1_IRQHandler                          0x00000d1f   Thumb Code     4  startup_mk22f51212.o(.text)
    DMA2_IRQHandler                          0x00000d23   Thumb Code     4  startup_mk22f51212.o(.text)
    DMA3_IRQHandler                          0x00000d27   Thumb Code     4  startup_mk22f51212.o(.text)
    DMA4_IRQHandler                          0x00000d2b   Thumb Code     4  startup_mk22f51212.o(.text)
    DMA5_IRQHandler                          0x00000d2f   Thumb Code     4  startup_mk22f51212.o(.text)
    DMA6_IRQHandler                          0x00000d33   Thumb Code     4  startup_mk22f51212.o(.text)
    DMA7_IRQHandler                          0x00000d37   Thumb Code     4  startup_mk22f51212.o(.text)
    DMA8_IRQHandler                          0x00000d3b   Thumb Code     4  startup_mk22f51212.o(.text)
    DMA9_IRQHandler                          0x00000d3f   Thumb Code     4  startup_mk22f51212.o(.text)
    DMA10_IRQHandler                         0x00000d43   Thumb Code     4  startup_mk22f51212.o(.text)
    DMA11_IRQHandler                         0x00000d47   Thumb Code     4  startup_mk22f51212.o(.text)
    DMA12_IRQHandler                         0x00000d4b   Thumb Code     4  startup_mk22f51212.o(.text)
    DMA13_IRQHandler                         0x00000d4f   Thumb Code     4  startup_mk22f51212.o(.text)
    DMA14_IRQHandler                         0x00000d53   Thumb Code     4  startup_mk22f51212.o(.text)
    DMA15_IRQHandler                         0x00000d57   Thumb Code     4  startup_mk22f51212.o(.text)
    DMA_Error_IRQHandler                     0x00000d5b   Thumb Code     4  startup_mk22f51212.o(.text)
    I2C0_IRQHandler                          0x00000d5f   Thumb Code     4  startup_mk22f51212.o(.text)
    I2C1_IRQHandler                          0x00000d63   Thumb Code     4  startup_mk22f51212.o(.text)
    SPI0_IRQHandler                          0x00000d67   Thumb Code     4  startup_mk22f51212.o(.text)
    SPI1_IRQHandler                          0x00000d6b   Thumb Code     4  startup_mk22f51212.o(.text)
    I2S0_Tx_IRQHandler                       0x00000d6f   Thumb Code     4  startup_mk22f51212.o(.text)
    I2S0_Rx_IRQHandler                       0x00000d73   Thumb Code     4  startup_mk22f51212.o(.text)
    LPUART0_IRQHandler                       0x00000d77   Thumb Code     4  startup_mk22f51212.o(.text)
    UART0_RX_TX_IRQHandler                   0x00000d7b   Thumb Code     4  startup_mk22f51212.o(.text)
    UART0_ERR_IRQHandler                     0x00000d7f   Thumb Code     4  startup_mk22f51212.o(.text)
    UART1_RX_TX_IRQHandler                   0x00000d83   Thumb Code     4  startup_mk22f51212.o(.text)
    UART1_ERR_IRQHandler                     0x00000d87   Thumb Code     4  startup_mk22f51212.o(.text)
    UART2_RX_TX_IRQHandler                   0x00000d8b   Thumb Code     4  startup_mk22f51212.o(.text)
    UART2_ERR_IRQHandler                     0x00000d8f   Thumb Code     4  startup_mk22f51212.o(.text)
    ADC0_IRQHandler                          0x00000d93   Thumb Code     0  startup_mk22f51212.o(.text)
    ADC1_IRQHandler                          0x00000d93   Thumb Code     0  startup_mk22f51212.o(.text)
    CMP0_IRQHandler                          0x00000d93   Thumb Code     0  startup_mk22f51212.o(.text)
    CMP1_IRQHandler                          0x00000d93   Thumb Code     0  startup_mk22f51212.o(.text)
    DAC0_IRQHandler                          0x00000d93   Thumb Code     0  startup_mk22f51212.o(.text)
    DAC1_IRQHandler                          0x00000d93   Thumb Code     0  startup_mk22f51212.o(.text)
    DMA0_DriverIRQHandler                    0x00000d93   Thumb Code     0  startup_mk22f51212.o(.text)
    DMA10_DriverIRQHandler                   0x00000d93   Thumb Code     0  startup_mk22f51212.o(.text)
    DMA11_DriverIRQHandler                   0x00000d93   Thumb Code     0  startup_mk22f51212.o(.text)
    DMA12_DriverIRQHandler                   0x00000d93   Thumb Code     0  startup_mk22f51212.o(.text)
    DMA13_DriverIRQHandler                   0x00000d93   Thumb Code     0  startup_mk22f51212.o(.text)
    DMA14_DriverIRQHandler                   0x00000d93   Thumb Code     0  startup_mk22f51212.o(.text)
    DMA15_DriverIRQHandler                   0x00000d93   Thumb Code     0  startup_mk22f51212.o(.text)
    DMA1_DriverIRQHandler                    0x00000d93   Thumb Code     0  startup_mk22f51212.o(.text)
    DMA2_DriverIRQHandler                    0x00000d93   Thumb Code     0  startup_mk22f51212.o(.text)
    DMA3_DriverIRQHandler                    0x00000d93   Thumb Code     0  startup_mk22f51212.o(.text)
    DMA4_DriverIRQHandler                    0x00000d93   Thumb Code     0  startup_mk22f51212.o(.text)
    DMA5_DriverIRQHandler                    0x00000d93   Thumb Code     0  startup_mk22f51212.o(.text)
    DMA6_DriverIRQHandler                    0x00000d93   Thumb Code     0  startup_mk22f51212.o(.text)
    DMA7_DriverIRQHandler                    0x00000d93   Thumb Code     0  startup_mk22f51212.o(.text)
    DMA8_DriverIRQHandler                    0x00000d93   Thumb Code     0  startup_mk22f51212.o(.text)
    DMA9_DriverIRQHandler                    0x00000d93   Thumb Code     0  startup_mk22f51212.o(.text)
    DMA_Error_DriverIRQHandler               0x00000d93   Thumb Code     0  startup_mk22f51212.o(.text)
    DefaultISR                               0x00000d93   Thumb Code     0  startup_mk22f51212.o(.text)
    FTF_IRQHandler                           0x00000d93   Thumb Code     0  startup_mk22f51212.o(.text)
    FTM0_IRQHandler                          0x00000d93   Thumb Code     0  startup_mk22f51212.o(.text)
    FTM1_IRQHandler                          0x00000d93   Thumb Code     0  startup_mk22f51212.o(.text)
    FTM2_IRQHandler                          0x00000d93   Thumb Code     0  startup_mk22f51212.o(.text)
    FTM3_IRQHandler                          0x00000d93   Thumb Code     0  startup_mk22f51212.o(.text)
    I2C0_DriverIRQHandler                    0x00000d93   Thumb Code     0  startup_mk22f51212.o(.text)
    I2C1_DriverIRQHandler                    0x00000d93   Thumb Code     0  startup_mk22f51212.o(.text)
    I2S0_Rx_DriverIRQHandler                 0x00000d93   Thumb Code     0  startup_mk22f51212.o(.text)
    I2S0_Tx_DriverIRQHandler                 0x00000d93   Thumb Code     0  startup_mk22f51212.o(.text)
    LLWU_IRQHandler                          0x00000d93   Thumb Code     0  startup_mk22f51212.o(.text)
    LPTMR0_IRQHandler                        0x00000d93   Thumb Code     0  startup_mk22f51212.o(.text)
    LPUART0_DriverIRQHandler                 0x00000d93   Thumb Code     0  startup_mk22f51212.o(.text)
    LVD_LVW_IRQHandler                       0x00000d93   Thumb Code     0  startup_mk22f51212.o(.text)
    MCG_IRQHandler                           0x00000d93   Thumb Code     0  startup_mk22f51212.o(.text)
    MCM_IRQHandler                           0x00000d93   Thumb Code     0  startup_mk22f51212.o(.text)
    PDB0_IRQHandler                          0x00000d93   Thumb Code     0  startup_mk22f51212.o(.text)
    PIT1_IRQHandler                          0x00000d93   Thumb Code     0  startup_mk22f51212.o(.text)
    PIT2_IRQHandler                          0x00000d93   Thumb Code     0  startup_mk22f51212.o(.text)
    PIT3_IRQHandler                          0x00000d93   Thumb Code     0  startup_mk22f51212.o(.text)
    PORTA_IRQHandler                         0x00000d93   Thumb Code     0  startup_mk22f51212.o(.text)
    PORTD_IRQHandler                         0x00000d93   Thumb Code     0  startup_mk22f51212.o(.text)
    PORTE_IRQHandler                         0x00000d93   Thumb Code     0  startup_mk22f51212.o(.text)
    RNG_IRQHandler                           0x00000d93   Thumb Code     0  startup_mk22f51212.o(.text)
    RTC_IRQHandler                           0x00000d93   Thumb Code     0  startup_mk22f51212.o(.text)
    RTC_Seconds_IRQHandler                   0x00000d93   Thumb Code     0  startup_mk22f51212.o(.text)
    Read_Collision_IRQHandler                0x00000d93   Thumb Code     0  startup_mk22f51212.o(.text)
    Reserved100_IRQHandler                   0x00000d93   Thumb Code     0  startup_mk22f51212.o(.text)
    Reserved101_IRQHandler                   0x00000d93   Thumb Code     0  startup_mk22f51212.o(.text)
    Reserved53_IRQHandler                    0x00000d93   Thumb Code     0  startup_mk22f51212.o(.text)
    Reserved54_IRQHandler                    0x00000d93   Thumb Code     0  startup_mk22f51212.o(.text)
    Reserved61_IRQHandler                    0x00000d93   Thumb Code     0  startup_mk22f51212.o(.text)
    Reserved70_IRQHandler                    0x00000d93   Thumb Code     0  startup_mk22f51212.o(.text)
    Reserved71_IRQHandler                    0x00000d93   Thumb Code     0  startup_mk22f51212.o(.text)
    Reserved81_IRQHandler                    0x00000d93   Thumb Code     0  startup_mk22f51212.o(.text)
    Reserved82_IRQHandler                    0x00000d93   Thumb Code     0  startup_mk22f51212.o(.text)
    Reserved83_IRQHandler                    0x00000d93   Thumb Code     0  startup_mk22f51212.o(.text)
    Reserved84_IRQHandler                    0x00000d93   Thumb Code     0  startup_mk22f51212.o(.text)
    Reserved85_IRQHandler                    0x00000d93   Thumb Code     0  startup_mk22f51212.o(.text)
    Reserved86_IRQHandler                    0x00000d93   Thumb Code     0  startup_mk22f51212.o(.text)
    Reserved90_IRQHandler                    0x00000d93   Thumb Code     0  startup_mk22f51212.o(.text)
    Reserved91_IRQHandler                    0x00000d93   Thumb Code     0  startup_mk22f51212.o(.text)
    Reserved92_IRQHandler                    0x00000d93   Thumb Code     0  startup_mk22f51212.o(.text)
    Reserved93_IRQHandler                    0x00000d93   Thumb Code     0  startup_mk22f51212.o(.text)
    Reserved94_IRQHandler                    0x00000d93   Thumb Code     0  startup_mk22f51212.o(.text)
    Reserved95_IRQHandler                    0x00000d93   Thumb Code     0  startup_mk22f51212.o(.text)
    Reserved96_IRQHandler                    0x00000d93   Thumb Code     0  startup_mk22f51212.o(.text)
    Reserved97_IRQHandler                    0x00000d93   Thumb Code     0  startup_mk22f51212.o(.text)
    Reserved98_IRQHandler                    0x00000d93   Thumb Code     0  startup_mk22f51212.o(.text)
    Reserved99_IRQHandler                    0x00000d93   Thumb Code     0  startup_mk22f51212.o(.text)
    SPI0_DriverIRQHandler                    0x00000d93   Thumb Code     0  startup_mk22f51212.o(.text)
    SPI1_DriverIRQHandler                    0x00000d93   Thumb Code     0  startup_mk22f51212.o(.text)
    SWI_IRQHandler                           0x00000d93   Thumb Code     0  startup_mk22f51212.o(.text)
    UART0_ERR_DriverIRQHandler               0x00000d93   Thumb Code     0  startup_mk22f51212.o(.text)
    UART0_RX_TX_DriverIRQHandler             0x00000d93   Thumb Code     0  startup_mk22f51212.o(.text)
    UART1_ERR_DriverIRQHandler               0x00000d93   Thumb Code     0  startup_mk22f51212.o(.text)
    UART1_RX_TX_DriverIRQHandler             0x00000d93   Thumb Code     0  startup_mk22f51212.o(.text)
    UART2_ERR_DriverIRQHandler               0x00000d93   Thumb Code     0  startup_mk22f51212.o(.text)
    UART2_RX_TX_DriverIRQHandler             0x00000d93   Thumb Code     0  startup_mk22f51212.o(.text)
    USB0_IRQHandler                          0x00000d93   Thumb Code     0  startup_mk22f51212.o(.text)
    WDOG_EWM_IRQHandler                      0x00000d93   Thumb Code     0  startup_mk22f51212.o(.text)
    SystemInit                               0x00000e25   Thumb Code    34  system_mk22f51212.o(.text)
    SystemCoreClockUpdate                    0x00000e47   Thumb Code   426  system_mk22f51212.o(.text)
    exit                                     0x00001011   Thumb Code    18  exit.o(.text)
    _sys_exit                                0x00001025   Thumb Code     8  sys_exit.o(.text)
    __I$use$semihosting                      0x00001031   Thumb Code     0  use_no_semi.o(.text)
    __use_no_semihosting_swi                 0x00001031   Thumb Code     2  use_no_semi.o(.text)
    __semihosting_library_function           0x00001033   Thumb Code     0  indicate_semi.o(.text)
    _fp_init                                 0x00001033   Thumb Code    10  fpinit.o(x$fpl$fpinit)
    __fplib_config_fpu_vfp                   0x0000103b   Thumb Code     0  fpinit.o(x$fpl$fpinit)
    __fplib_config_pureend_doubles           0x0000103b   Thumb Code     0  fpinit.o(x$fpl$fpinit)
    Region$$Table$$Base                      0x0000103c   Number         0  anon$$obj.o(Region$$Table)
    Region$$Table$$Limit                     0x0000104c   Number         0  anon$$obj.o(Region$$Table)
    i                                        0x1fff0000   Data           1  main.o(.data)
    K                                        0x1fff0001   Data           1  main.o(.data)
    pos                                      0x1fff0002   Data           1  main.o(.data)
    Kinc                                     0x1fff0003   Data           1  main.o(.data)
    Kdec                                     0x1fff0004   Data           1  main.o(.data)
    K1                                       0x1fff0006   Data          80  main.o(.data)
    K2                                       0x1fff0056   Data          80  main.o(.data)
    K3                                       0x1fff00a6   Data          80  main.o(.data)
    K4                                       0x1fff00f6   Data          80  main.o(.data)
    K5                                       0x1fff0146   Data          80  main.o(.data)
    K6                                       0x1fff0196   Data          80  main.o(.data)
    K7                                       0x1fff01e6   Data          80  main.o(.data)
    K8                                       0x1fff0236   Data          80  main.o(.data)
    K9                                       0x1fff0286   Data          80  main.o(.data)
    K10                                      0x1fff02d6   Data          80  main.o(.data)
    OUT                                      0x1fff0326   Data          80  main.o(.data)
    SystemCoreClock                          0x1fff0378   Data           4  system_mk22f51212.o(.data)
    Image$$ARM_LIB_HEAP$$ZI$$Base            0x20000000   Number         0  anon$$obj.o ABSOLUTE
    Image$$ARM_LIB_HEAP$$ZI$$Limit           0x20000400   Number         0  anon$$obj.o ABSOLUTE
    Image$$ARM_LIB_STACK$$ZI$$Limit          0x20010000   Number         0  anon$$obj.o ABSOLUTE



==============================================================================

Memory Map of the image

  Image Entry point : 0x00000cf1

  Load Region LR_m_text (Base: 0x00000000, Size: 0x000013c8, Max: 0x00080000, ABSOLUTE, COMPRESSED[0x00001384])

    Execution Region VECTOR_ROM (Exec base: 0x00000000, Load base: 0x00000000, Size: 0x00000400, Max: 0x00000400, ABSOLUTE)

    Exec Addr    Load Addr    Size         Type   Attr      Idx    E Section Name        Object

    0x00000000   0x00000000   0x00000400   Data   RO         1650    RESET               startup_mk22f51212.o


    Execution Region ER_m_flash_config (Exec base: 0x00000400, Load base: 0x00000400, Size: 0x00000010, Max: 0x00000010, ABSOLUTE, FIXED)

    Exec Addr    Load Addr    Size         Type   Attr      Idx    E Section Name        Object

    0x00000400   0x00000400   0x00000010   Data   RO         1651    FlashConfig         startup_mk22f51212.o


    Execution Region ER_m_text (Exec base: 0x00000410, Load base: 0x00000410, Size: 0x00000c3c, Max: 0x0007fbf0, ABSOLUTE)

    Exec Addr    Load Addr    Size         Type   Attr      Idx    E Section Name        Object

    0x00000410   0x00000410   0x00000008   Code   RO         1715  * !!!main             c_w.l(__main.o)
    0x00000418   0x00000418   0x00000034   Code   RO         2046    !!!scatter          c_w.l(__scatter.o)
    0x0000044c   0x0000044c   0x00000064   Code   RO         2044    !!dclz77c           c_w.l(__dclz77c.o)
    0x000004b0   0x000004b0   0x00000002   Code   RO         1911    .ARM.Collect$$libinit$$00000000  c_w.l(libinit.o)
    0x000004b2   0x000004b2   0x00000004   Code   RO         1922    .ARM.Collect$$libinit$$00000001  c_w.l(libinit2.o)
    0x000004b6   0x000004b6   0x00000000   Code   RO         1925    .ARM.Collect$$libinit$$00000004  c_w.l(libinit2.o)
    0x000004b6   0x000004b6   0x00000000   Code   RO         1928    .ARM.Collect$$libinit$$0000000A  c_w.l(libinit2.o)
    0x000004b6   0x000004b6   0x00000000   Code   RO         1930    .ARM.Collect$$libinit$$0000000C  c_w.l(libinit2.o)
    0x000004b6   0x000004b6   0x00000000   Code   RO         1932    .ARM.Collect$$libinit$$0000000E  c_w.l(libinit2.o)
    0x000004b6   0x000004b6   0x00000000   Code   RO         1935    .ARM.Collect$$libinit$$00000011  c_w.l(libinit2.o)
    0x000004b6   0x000004b6   0x00000000   Code   RO         1937    .ARM.Collect$$libinit$$00000013  c_w.l(libinit2.o)
    0x000004b6   0x000004b6   0x00000000   Code   RO         1939    .ARM.Collect$$libinit$$00000015  c_w.l(libinit2.o)
    0x000004b6   0x000004b6   0x00000000   Code   RO         1941    .ARM.Collect$$libinit$$00000017  c_w.l(libinit2.o)
    0x000004b6   0x000004b6   0x00000000   Code   RO         1943    .ARM.Collect$$libinit$$00000019  c_w.l(libinit2.o)
    0x000004b6   0x000004b6   0x00000000   Code   RO         1945    .ARM.Collect$$libinit$$0000001B  c_w.l(libinit2.o)
    0x000004b6   0x000004b6   0x00000000   Code   RO         1947    .ARM.Collect$$libinit$$0000001D  c_w.l(libinit2.o)
    0x000004b6   0x000004b6   0x00000000   Code   RO         1949    .ARM.Collect$$libinit$$0000001F  c_w.l(libinit2.o)
    0x000004b6   0x000004b6   0x00000000   Code   RO         1951    .ARM.Collect$$libinit$$00000021  c_w.l(libinit2.o)
    0x000004b6   0x000004b6   0x00000000   Code   RO         1953    .ARM.Collect$$libinit$$00000023  c_w.l(libinit2.o)
    0x000004b6   0x000004b6   0x00000000   Code   RO         1955    .ARM.Collect$$libinit$$00000025  c_w.l(libinit2.o)
    0x000004b6   0x000004b6   0x00000000   Code   RO         1959    .ARM.Collect$$libinit$$0000002C  c_w.l(libinit2.o)
    0x000004b6   0x000004b6   0x00000000   Code   RO         1961    .ARM.Collect$$libinit$$0000002E  c_w.l(libinit2.o)
    0x000004b6   0x000004b6   0x00000000   Code   RO         1963    .ARM.Collect$$libinit$$00000030  c_w.l(libinit2.o)
    0x000004b6   0x000004b6   0x00000000   Code   RO         1965    .ARM.Collect$$libinit$$00000032  c_w.l(libinit2.o)
    0x000004b6   0x000004b6   0x00000002   Code   RO         1966    .ARM.Collect$$libinit$$00000033  c_w.l(libinit2.o)
    0x000004b8   0x000004b8   0x00000002   Code   RO         2001    .ARM.Collect$$libshutdown$$00000000  c_w.l(libshutdown.o)
    0x000004ba   0x000004ba   0x00000000   Code   RO         2027    .ARM.Collect$$libshutdown$$00000002  c_w.l(libshutdown2.o)
    0x000004ba   0x000004ba   0x00000000   Code   RO         2029    .ARM.Collect$$libshutdown$$00000004  c_w.l(libshutdown2.o)
    0x000004ba   0x000004ba   0x00000000   Code   RO         2032    .ARM.Collect$$libshutdown$$00000007  c_w.l(libshutdown2.o)
    0x000004ba   0x000004ba   0x00000000   Code   RO         2035    .ARM.Collect$$libshutdown$$0000000A  c_w.l(libshutdown2.o)
    0x000004ba   0x000004ba   0x00000000   Code   RO         2037    .ARM.Collect$$libshutdown$$0000000C  c_w.l(libshutdown2.o)
    0x000004ba   0x000004ba   0x00000000   Code   RO         2040    .ARM.Collect$$libshutdown$$0000000F  c_w.l(libshutdown2.o)
    0x000004ba   0x000004ba   0x00000002   Code   RO         2041    .ARM.Collect$$libshutdown$$00000010  c_w.l(libshutdown2.o)
    0x000004bc   0x000004bc   0x00000000   Code   RO         1815    .ARM.Collect$$rtentry$$00000000  c_w.l(__rtentry.o)
    0x000004bc   0x000004bc   0x00000000   Code   RO         1869    .ARM.Collect$$rtentry$$00000002  c_w.l(__rtentry2.o)
    0x000004bc   0x000004bc   0x00000004   Code   RO         1883    .ARM.Collect$$rtentry$$00000007  c_w.l(__rtentry7.o)
    0x000004c0   0x000004c0   0x00000000   Code   RO         1871    .ARM.Collect$$rtentry$$00000009  c_w.l(__rtentry2.o)
    0x000004c0   0x000004c0   0x00000004   Code   RO         1872    .ARM.Collect$$rtentry$$0000000A  c_w.l(__rtentry2.o)
    0x000004c4   0x000004c4   0x00000000   Code   RO         1874    .ARM.Collect$$rtentry$$0000000C  c_w.l(__rtentry2.o)
    0x000004c4   0x000004c4   0x00000008   Code   RO         1875    .ARM.Collect$$rtentry$$0000000D  c_w.l(__rtentry2.o)
    0x000004cc   0x000004cc   0x00000004   Code   RO         1884    .ARM.Collect$$rtentry$$00002718  c_w.l(__rtentry7.o)
    0x000004d0   0x000004d0   0x00000002   Code   RO         1914    .ARM.Collect$$rtexit$$00000000  c_w.l(rtexit.o)
    0x000004d2   0x000004d2   0x00000000   Code   RO         1977    .ARM.Collect$$rtexit$$00000002  c_w.l(rtexit2.o)
    0x000004d2   0x000004d2   0x00000004   Code   RO         1978    .ARM.Collect$$rtexit$$00000003  c_w.l(rtexit2.o)
    0x000004d6   0x000004d6   0x00000006   Code   RO         1979    .ARM.Collect$$rtexit$$00000004  c_w.l(rtexit2.o)
    0x000004dc   0x000004dc   0x00000058   Code   RO           59    .text               dac.o
    0x00000534   0x00000534   0x00000554   Code   RO           86    .text               main.o
    0x00000a88   0x00000a88   0x000000ac   Code   RO          129    .text               mcg.o
    0x00000b34   0x00000b34   0x00000084   Code   RO          153    .text               timerint.o
    0x00000bb8   0x00000bb8   0x0000007c   Code   RO          181    .text               rgbled.o
    0x00000c34   0x00000c34   0x000000bc   Code   RO          205    .text               buttons.o
    0x00000cf0   0x00000cf0   0x00000134   Code   RO         1652  * .text               startup_mk22f51212.o
    0x00000e24   0x00000e24   0x000001ec   Code   RO         1659    .text               system_mk22f51212.o
    0x00001010   0x00001010   0x00000012   Code   RO         1900    .text               c_w.l(exit.o)
    0x00001022   0x00001022   0x00000002   PAD
    0x00001024   0x00001024   0x0000000c   Code   RO         1971    .text               c_w.l(sys_exit.o)
    0x00001030   0x00001030   0x00000002   Code   RO         1973    .text               c_w.l(use_no_semi.o)
    0x00001032   0x00001032   0x00000000   Code   RO         1975    .text               c_w.l(indicate_semi.o)
    0x00001032   0x00001032   0x0000000a   Code   RO         1989    x$fpl$fpinit        fz_wm.l(fpinit.o)
    0x0000103c   0x0000103c   0x00000010   Data   RO         2042    Region$$Table       anon$$obj.o


    Execution Region RW_m_data (Exec base: 0x1fff0000, Load base: 0x0000104c, Size: 0x0000037c, Max: 0x00010000, ABSOLUTE, COMPRESSED[0x00000338])

    Exec Addr    Load Addr    Size         Type   Attr      Idx    E Section Name        Object

    0x1fff0000   COMPRESSED   0x00000376   Data   RW           87    .data               main.o
    0x1fff0376   COMPRESSED   0x00000002   PAD
    0x1fff0378   COMPRESSED   0x00000004   Data   RW         1660    .data               system_mk22f51212.o


    Execution Region RW_m_data_2 (Exec base: 0x20000000, Load base: 0x00001384, Size: 0x00000000, Max: 0x0000f800, ABSOLUTE)

    **** No section assigned to this execution region ****


    Execution Region ARM_LIB_HEAP (Exec base: 0x20000000, Load base: 0x00001384, Size: 0x00000400, Max: 0x00000400, ABSOLUTE)

    Exec Addr    Load Addr    Size         Type   Attr      Idx    E Section Name        Object

    0x20000000        -       0x00000400   Zero   RW            1    ARM_LIB_HEAP.bss    anon$$obj.o


    Execution Region ARM_LIB_STACK (Exec base: 0x2000fc00, Load base: 0x00001384, Size: 0x00000400, Max: 0x00000400, ABSOLUTE)

    Exec Addr    Load Addr    Size         Type   Attr      Idx    E Section Name        Object

    0x2000fc00        -       0x00000400   Zero   RW            2    ARM_LIB_STACK.bss   anon$$obj.o


==============================================================================

Image component sizes


      Code (inc. data)   RO Data    RW Data    ZI Data      Debug   Object Name

         0          0          0          0          0     298440   adc.o
       188         22          0          0          0      29234   buttons.o
        88         10          0          0          0        507   dac.o
      1364        138          0        886          0      31303   main.o
       172         16          0          0          0        588   mcg.o
       124         18          0          0          0        538   rgbled.o
       308        142       1040          0          0       2328   startup_mk22f51212.o
       492         40          0          4          0       1473   system_mk22f51212.o
       132         16          0          0          0      29147   timerint.o

    ----------------------------------------------------------------------
      2868        402       1056        892       2048     393558   Object Totals
         0          0         16          0       2048          0   (incl. Generated)
         0          0          0          2          0          0   (incl. Padding)

    ----------------------------------------------------------------------

      Code (inc. data)   RO Data    RW Data    ZI Data      Debug   Library Member Name

       100          0          0          0          0          0   __dclz77c.o
         8          0          0          0          0         68   __main.o
         0          0          0          0          0          0   __rtentry.o
        12          0          0          0          0          0   __rtentry2.o
         8          4          0          0          0          0   __rtentry7.o
        52          8          0          0          0          0   __scatter.o
        18          0          0          0          0         80   exit.o
         0          0          0          0          0          0   indicate_semi.o
         2          0          0          0          0          0   libinit.o
         6          0          0          0          0          0   libinit2.o
         2          0          0          0          0          0   libshutdown.o
         2          0          0          0          0          0   libshutdown2.o
         2          0          0          0          0          0   rtexit.o
        10          0          0          0          0          0   rtexit2.o
        12          4          0          0          0         68   sys_exit.o
         2          0          0          0          0         68   use_no_semi.o
        10          0          0          0          0        116   fpinit.o

    ----------------------------------------------------------------------
       248         16          0          0          0        400   Library Totals
         2          0          0          0          0          0   (incl. Padding)

    ----------------------------------------------------------------------

      Code (inc. data)   RO Data    RW Data    ZI Data      Debug   Library Name

       236         16          0          0          0        284   c_w.l
        10          0          0          0          0        116   fz_wm.l

    ----------------------------------------------------------------------
       248         16          0          0          0        400   Library Totals

    ----------------------------------------------------------------------

==============================================================================


      Code (inc. data)   RO Data    RW Data    ZI Data      Debug   

      3116        418       1056        892       2048     393390   Grand Totals
      3116        418       1056        824       2048     393390   ELF Image Totals (compressed)
      3116        418       1056        824          0          0   ROM Totals

==============================================================================

    Total RO  Size (Code + RO Data)                 4172 (   4.07kB)
    Total RW  Size (RW Data + ZI Data)              2940 (   2.87kB)
    Total ROM Size (Code + RO Data + RW Data)       4996 (   4.88kB)

==============================================================================

